<?xml version="1.0"?>
<link_info>
   <banner>MSP430 Linker PC v15.12.1.LTS</banner>
   <copyright>Copyright (c) 2003-2015 Texas Instruments Incorporated</copyright>
   <link_time>0x57f49c59</link_time>
   <link_errors>0x0</link_errors>
   <output_file>Poly Board Main 1.1.out</output_file>
   <entry_point>
      <name>_c_int00_noargs_noexit</name>
      <address>0xee62</address>
   </entry_point>
   <input_file_list>
      <input_file id="fl-2">
         <path>.\</path>
         <kind>object</kind>
         <file>Circular_Buffer.obj</file>
         <name>Circular_Buffer.obj</name>
      </input_file>
      <input_file id="fl-3">
         <path>.\</path>
         <kind>object</kind>
         <file>Collect_Data.obj</file>
         <name>Collect_Data.obj</name>
      </input_file>
      <input_file id="fl-4">
         <path>.\</path>
         <kind>object</kind>
         <file>Freq_Capture.obj</file>
         <name>Freq_Capture.obj</name>
      </input_file>
      <input_file id="fl-5">
         <path>.\</path>
         <kind>object</kind>
         <file>Initialize.obj</file>
         <name>Initialize.obj</name>
      </input_file>
      <input_file id="fl-6">
         <path>.\</path>
         <kind>object</kind>
         <file>Motor_Control.obj</file>
         <name>Motor_Control.obj</name>
      </input_file>
      <input_file id="fl-7">
         <path>.\</path>
         <kind>object</kind>
         <file>SPI_Polling.obj</file>
         <name>SPI_Polling.obj</name>
      </input_file>
      <input_file id="fl-8">
         <path>.\</path>
         <kind>object</kind>
         <file>main.obj</file>
         <name>main.obj</name>
      </input_file>
      <input_file id="fl-29">
         <path>C:\ti\ccsv6\tools\compiler\ti-cgt-msp430_15.12.1.LTS\lib\</path>
         <kind>archive</kind>
         <file>rts430x_lc_rd_eabi.lib</file>
         <name>copy_decompress_none.obj</name>
      </input_file>
      <input_file id="fl-2a">
         <path>C:\ti\ccsv6\tools\compiler\ti-cgt-msp430_15.12.1.LTS\lib\</path>
         <kind>archive</kind>
         <file>rts430x_lc_rd_eabi.lib</file>
         <name>copy_decompress_rle.obj</name>
      </input_file>
      <input_file id="fl-2b">
         <path>C:\ti\ccsv6\tools\compiler\ti-cgt-msp430_15.12.1.LTS\lib\</path>
         <kind>archive</kind>
         <file>rts430x_lc_rd_eabi.lib</file>
         <name>int30.obj</name>
      </input_file>
      <input_file id="fl-2c">
         <path>C:\ti\ccsv6\tools\compiler\ti-cgt-msp430_15.12.1.LTS\lib\</path>
         <kind>archive</kind>
         <file>rts430x_lc_rd_eabi.lib</file>
         <name>isr_trap.obj</name>
      </input_file>
      <input_file id="fl-2d">
         <path>C:\ti\ccsv6\tools\compiler\ti-cgt-msp430_15.12.1.LTS\lib\</path>
         <kind>archive</kind>
         <file>rts430x_lc_rd_eabi.lib</file>
         <name>int31.obj</name>
      </input_file>
      <input_file id="fl-2e">
         <path>C:\ti\ccsv6\tools\compiler\ti-cgt-msp430_15.12.1.LTS\lib\</path>
         <kind>archive</kind>
         <file>rts430x_lc_rd_eabi.lib</file>
         <name>int32.obj</name>
      </input_file>
      <input_file id="fl-2f">
         <path>C:\ti\ccsv6\tools\compiler\ti-cgt-msp430_15.12.1.LTS\lib\</path>
         <kind>archive</kind>
         <file>rts430x_lc_rd_eabi.lib</file>
         <name>int33.obj</name>
      </input_file>
      <input_file id="fl-30">
         <path>C:\ti\ccsv6\tools\compiler\ti-cgt-msp430_15.12.1.LTS\lib\</path>
         <kind>archive</kind>
         <file>rts430x_lc_rd_eabi.lib</file>
         <name>int34.obj</name>
      </input_file>
      <input_file id="fl-31">
         <path>C:\ti\ccsv6\tools\compiler\ti-cgt-msp430_15.12.1.LTS\lib\</path>
         <kind>archive</kind>
         <file>rts430x_lc_rd_eabi.lib</file>
         <name>int35.obj</name>
      </input_file>
      <input_file id="fl-32">
         <path>C:\ti\ccsv6\tools\compiler\ti-cgt-msp430_15.12.1.LTS\lib\</path>
         <kind>archive</kind>
         <file>rts430x_lc_rd_eabi.lib</file>
         <name>int36.obj</name>
      </input_file>
      <input_file id="fl-33">
         <path>C:\ti\ccsv6\tools\compiler\ti-cgt-msp430_15.12.1.LTS\lib\</path>
         <kind>archive</kind>
         <file>rts430x_lc_rd_eabi.lib</file>
         <name>int37.obj</name>
      </input_file>
      <input_file id="fl-34">
         <path>C:\ti\ccsv6\tools\compiler\ti-cgt-msp430_15.12.1.LTS\lib\</path>
         <kind>archive</kind>
         <file>rts430x_lc_rd_eabi.lib</file>
         <name>int38.obj</name>
      </input_file>
      <input_file id="fl-35">
         <path>C:\ti\ccsv6\tools\compiler\ti-cgt-msp430_15.12.1.LTS\lib\</path>
         <kind>archive</kind>
         <file>rts430x_lc_rd_eabi.lib</file>
         <name>int39.obj</name>
      </input_file>
      <input_file id="fl-36">
         <path>C:\ti\ccsv6\tools\compiler\ti-cgt-msp430_15.12.1.LTS\lib\</path>
         <kind>archive</kind>
         <file>rts430x_lc_rd_eabi.lib</file>
         <name>int40.obj</name>
      </input_file>
      <input_file id="fl-37">
         <path>C:\ti\ccsv6\tools\compiler\ti-cgt-msp430_15.12.1.LTS\lib\</path>
         <kind>archive</kind>
         <file>rts430x_lc_rd_eabi.lib</file>
         <name>int41.obj</name>
      </input_file>
      <input_file id="fl-38">
         <path>C:\ti\ccsv6\tools\compiler\ti-cgt-msp430_15.12.1.LTS\lib\</path>
         <kind>archive</kind>
         <file>rts430x_lc_rd_eabi.lib</file>
         <name>int42.obj</name>
      </input_file>
      <input_file id="fl-39">
         <path>C:\ti\ccsv6\tools\compiler\ti-cgt-msp430_15.12.1.LTS\lib\</path>
         <kind>archive</kind>
         <file>rts430x_lc_rd_eabi.lib</file>
         <name>int43.obj</name>
      </input_file>
      <input_file id="fl-3a">
         <path>C:\ti\ccsv6\tools\compiler\ti-cgt-msp430_15.12.1.LTS\lib\</path>
         <kind>archive</kind>
         <file>rts430x_lc_rd_eabi.lib</file>
         <name>int44.obj</name>
      </input_file>
      <input_file id="fl-3b">
         <path>C:\ti\ccsv6\tools\compiler\ti-cgt-msp430_15.12.1.LTS\lib\</path>
         <kind>archive</kind>
         <file>rts430x_lc_rd_eabi.lib</file>
         <name>int45.obj</name>
      </input_file>
      <input_file id="fl-3c">
         <path>C:\ti\ccsv6\tools\compiler\ti-cgt-msp430_15.12.1.LTS\lib\</path>
         <kind>archive</kind>
         <file>rts430x_lc_rd_eabi.lib</file>
         <name>int47.obj</name>
      </input_file>
      <input_file id="fl-3d">
         <path>C:\ti\ccsv6\tools\compiler\ti-cgt-msp430_15.12.1.LTS\lib\</path>
         <kind>archive</kind>
         <file>rts430x_lc_rd_eabi.lib</file>
         <name>int48.obj</name>
      </input_file>
      <input_file id="fl-3e">
         <path>C:\ti\ccsv6\tools\compiler\ti-cgt-msp430_15.12.1.LTS\lib\</path>
         <kind>archive</kind>
         <file>rts430x_lc_rd_eabi.lib</file>
         <name>int49.obj</name>
      </input_file>
      <input_file id="fl-3f">
         <path>C:\ti\ccsv6\tools\compiler\ti-cgt-msp430_15.12.1.LTS\lib\</path>
         <kind>archive</kind>
         <file>rts430x_lc_rd_eabi.lib</file>
         <name>int51.obj</name>
      </input_file>
      <input_file id="fl-40">
         <path>C:\ti\ccsv6\tools\compiler\ti-cgt-msp430_15.12.1.LTS\lib\</path>
         <kind>archive</kind>
         <file>rts430x_lc_rd_eabi.lib</file>
         <name>int52.obj</name>
      </input_file>
      <input_file id="fl-41">
         <path>C:\ti\ccsv6\tools\compiler\ti-cgt-msp430_15.12.1.LTS\lib\</path>
         <kind>archive</kind>
         <file>rts430x_lc_rd_eabi.lib</file>
         <name>int53.obj</name>
      </input_file>
      <input_file id="fl-42">
         <path>C:\ti\ccsv6\tools\compiler\ti-cgt-msp430_15.12.1.LTS\lib\</path>
         <kind>archive</kind>
         <file>rts430x_lc_rd_eabi.lib</file>
         <name>int54.obj</name>
      </input_file>
      <input_file id="fl-43">
         <path>C:\ti\ccsv6\tools\compiler\ti-cgt-msp430_15.12.1.LTS\lib\</path>
         <kind>archive</kind>
         <file>rts430x_lc_rd_eabi.lib</file>
         <name>copy_zero_init.obj</name>
      </input_file>
      <input_file id="fl-44">
         <path>C:\ti\ccsv6\tools\compiler\ti-cgt-msp430_15.12.1.LTS\lib\</path>
         <kind>archive</kind>
         <file>rts430x_lc_rd_eabi.lib</file>
         <name>div32u.obj</name>
      </input_file>
      <input_file id="fl-45">
         <path>C:\ti\ccsv6\tools\compiler\ti-cgt-msp430_15.12.1.LTS\lib\</path>
         <kind>archive</kind>
         <file>rts430x_lc_rd_eabi.lib</file>
         <name>mult16_f5hw.obj</name>
      </input_file>
      <input_file id="fl-46">
         <path>C:\ti\ccsv6\tools\compiler\ti-cgt-msp430_15.12.1.LTS\lib\</path>
         <kind>archive</kind>
         <file>rts430x_lc_rd_eabi.lib</file>
         <name>mult32_f5hw.obj</name>
      </input_file>
      <input_file id="fl-47">
         <path>C:\ti\ccsv6\tools\compiler\ti-cgt-msp430_15.12.1.LTS\lib\</path>
         <kind>archive</kind>
         <file>rts430x_lc_rd_eabi.lib</file>
         <name>mult64_f5hw.obj</name>
      </input_file>
      <input_file id="fl-48">
         <path>C:\ti\ccsv6\tools\compiler\ti-cgt-msp430_15.12.1.LTS\lib\</path>
         <kind>archive</kind>
         <file>rts430x_lc_rd_eabi.lib</file>
         <name>mult1632_f5hw.obj</name>
      </input_file>
      <input_file id="fl-49">
         <path>C:\ti\ccsv6\tools\compiler\ti-cgt-msp430_15.12.1.LTS\lib\</path>
         <kind>archive</kind>
         <file>rts430x_lc_rd_eabi.lib</file>
         <name>mult3264_f5hw.obj</name>
      </input_file>
      <input_file id="fl-4a">
         <path>C:\ti\ccsv6\tools\compiler\ti-cgt-msp430_15.12.1.LTS\lib\</path>
         <kind>archive</kind>
         <file>rts430x_lc_rd_eabi.lib</file>
         <name>lsr32.obj</name>
      </input_file>
      <input_file id="fl-4b">
         <path>C:\ti\ccsv6\tools\compiler\ti-cgt-msp430_15.12.1.LTS\lib\</path>
         <kind>archive</kind>
         <file>rts430x_lc_rd_eabi.lib</file>
         <name>boot.obj</name>
      </input_file>
      <input_file id="fl-4c">
         <path>C:\ti\ccsv6\tools\compiler\ti-cgt-msp430_15.12.1.LTS\lib\</path>
         <kind>archive</kind>
         <file>rts430x_lc_rd_eabi.lib</file>
         <name>args_main.obj</name>
      </input_file>
      <input_file id="fl-4d">
         <path>C:\ti\ccsv6\tools\compiler\ti-cgt-msp430_15.12.1.LTS\lib\</path>
         <kind>archive</kind>
         <file>rts430x_lc_rd_eabi.lib</file>
         <name>autoinit_wdt.obj</name>
      </input_file>
      <input_file id="fl-4e">
         <path>C:\ti\ccsv6\tools\compiler\ti-cgt-msp430_15.12.1.LTS\lib\</path>
         <kind>archive</kind>
         <file>rts430x_lc_rd_eabi.lib</file>
         <name>boot_special.obj</name>
      </input_file>
      <input_file id="fl-4f">
         <path>C:\ti\ccsv6\tools\compiler\ti-cgt-msp430_15.12.1.LTS\lib\</path>
         <kind>archive</kind>
         <file>rts430x_lc_rd_eabi.lib</file>
         <name>mpu_init.obj</name>
      </input_file>
      <input_file id="fl-50">
         <path>C:\ti\ccsv6\tools\compiler\ti-cgt-msp430_15.12.1.LTS\lib\</path>
         <kind>archive</kind>
         <file>rts430x_lc_rd_eabi.lib</file>
         <name>startup.obj</name>
      </input_file>
      <input_file id="fl-51">
         <path>C:\ti\ccsv6\tools\compiler\ti-cgt-msp430_15.12.1.LTS\lib\</path>
         <kind>archive</kind>
         <file>rts430x_lc_rd_eabi.lib</file>
         <name>pre_init.obj</name>
      </input_file>
      <input_file id="fl-52">
         <path>C:\ti\ccsv6\tools\compiler\ti-cgt-msp430_15.12.1.LTS\lib\</path>
         <kind>archive</kind>
         <file>rts430x_lc_rd_eabi.lib</file>
         <name>exit.obj</name>
      </input_file>
      <input_file id="fl-53">
         <path>C:\ti\ccsv6\tools\compiler\ti-cgt-msp430_15.12.1.LTS\lib\</path>
         <kind>archive</kind>
         <file>rts430x_lc_rd_eabi.lib</file>
         <name>exit_gvars.obj</name>
      </input_file>
      <input_file id="fl-54">
         <path>C:\ti\ccsv6\tools\compiler\ti-cgt-msp430_15.12.1.LTS\lib\</path>
         <kind>archive</kind>
         <file>rts430x_lc_rd_eabi.lib</file>
         <name>_lock.obj</name>
      </input_file>
      <input_file id="fl-55">
         <path>C:\ti\ccsv6\tools\compiler\ti-cgt-msp430_15.12.1.LTS\lib\</path>
         <kind>archive</kind>
         <file>rts430x_lc_rd_eabi.lib</file>
         <name>cpy_tbl.obj</name>
      </input_file>
      <input_file id="fl-56">
         <path>C:\ti\ccsv6\tools\compiler\ti-cgt-msp430_15.12.1.LTS\lib\</path>
         <kind>archive</kind>
         <file>rts430x_lc_rd_eabi.lib</file>
         <name>mult16.obj</name>
      </input_file>
      <input_file id="fl-57">
         <path>C:\ti\ccsv6\tools\compiler\ti-cgt-msp430_15.12.1.LTS\lib\</path>
         <kind>archive</kind>
         <file>rts430x_lc_rd_eabi.lib</file>
         <name>memcpy.obj</name>
      </input_file>
   </input_file_list>
   <object_component_list>
      <object_component id="oc-5e5">
         <name>.TI.persistent:cantData1</name>
         <load_address>0x4400</load_address>
         <run_address>0x4400</run_address>
         <size>0x1f40</size>
         <input_file_ref idref="fl-3"/>
      </object_component>
      <object_component id="oc-5eb">
         <name>.TI.persistent:cantData2</name>
         <load_address>0x6340</load_address>
         <run_address>0x6340</run_address>
         <size>0x1f40</size>
         <input_file_ref idref="fl-3"/>
      </object_component>
      <object_component id="oc-5f1">
         <name>.TI.persistent:cantData3</name>
         <load_address>0x8280</load_address>
         <run_address>0x8280</run_address>
         <size>0x1f40</size>
         <input_file_ref idref="fl-3"/>
      </object_component>
      <object_component id="oc-5f7">
         <name>.TI.persistent:cantData4</name>
         <load_address>0xa1c0</load_address>
         <run_address>0xa1c0</run_address>
         <size>0x1f40</size>
         <input_file_ref idref="fl-3"/>
      </object_component>
      <object_component id="oc-5fe">
         <name>.TI.persistent:cantData5</name>
         <load_address>0xc100</load_address>
         <run_address>0xc100</run_address>
         <size>0x1f40</size>
         <input_file_ref idref="fl-3"/>
      </object_component>
      <object_component id="oc-6be">
         <name>.cinit..data.load</name>
         <load_address>0xee9c</load_address>
         <run_address>0xee9c</run_address>
         <size>0xc</size>
      </object_component>
      <object_component id="oc-6bd">
         <name>.cinit..bss.load</name>
         <load_address>0xeea8</load_address>
         <run_address>0xeea8</run_address>
         <size>0xb</size>
      </object_component>
      <object_component id="oc-6bb">
         <name>__TI_handler_table</name>
         <load_address>0xeeb4</load_address>
         <run_address>0xeeb4</run_address>
         <size>0x8</size>
      </object_component>
      <object_component id="oc-6bc">
         <name>__TI_cinit_table</name>
         <load_address>0xeebc</load_address>
         <run_address>0xeebc</run_address>
         <size>0x10</size>
      </object_component>
      <object_component id="oc-625">
         <name>.const</name>
         <load_address>0xee99</load_address>
         <run_address>0xee99</run_address>
         <size>0x2</size>
         <input_file_ref idref="fl-6"/>
      </object_component>
      <object_component id="oc-519">
         <name>.const</name>
         <load_address>0xee9b</load_address>
         <run_address>0xee9b</run_address>
         <size>0x1</size>
         <input_file_ref idref="fl-8"/>
      </object_component>
      <object_component id="oc-426">
         <name>.text:_isr:TB0_ISR</name>
         <load_address>0xed8e</load_address>
         <run_address>0xed8e</run_address>
         <size>0xd4</size>
         <input_file_ref idref="fl-4"/>
      </object_component>
      <object_component id="oc-b8">
         <name>.text:_isr:_c_int00_noargs_noexit</name>
         <load_address>0xee62</load_address>
         <run_address>0xee62</run_address>
         <size>0x1a</size>
         <input_file_ref idref="fl-4e"/>
      </object_component>
      <object_component id="oc-420">
         <name>.text:_isr:ADC12_ISR</name>
         <load_address>0xee7c</load_address>
         <run_address>0xee7c</run_address>
         <size>0xe</size>
         <input_file_ref idref="fl-4"/>
      </object_component>
      <object_component id="oc-41b">
         <name>.text:_isr:__TI_ISR_TRAP</name>
         <load_address>0xee8a</load_address>
         <run_address>0xee8a</run_address>
         <size>0x8</size>
         <input_file_ref idref="fl-2c"/>
      </object_component>
      <object_component id="oc-4bd">
         <name>.text:ExecuteStateMachine</name>
         <load_address>0x10000</load_address>
         <run_address>0x10000</run_address>
         <size>0x12e</size>
         <input_file_ref idref="fl-8"/>
      </object_component>
      <object_component id="oc-522">
         <name>.text:processPeriodDataCant1</name>
         <load_address>0x1012e</load_address>
         <run_address>0x1012e</run_address>
         <size>0x12e</size>
         <input_file_ref idref="fl-3"/>
      </object_component>
      <object_component id="oc-528">
         <name>.text:processPeriodDataCant2</name>
         <load_address>0x1025c</load_address>
         <run_address>0x1025c</run_address>
         <size>0x12e</size>
         <input_file_ref idref="fl-3"/>
      </object_component>
      <object_component id="oc-52e">
         <name>.text:processPeriodDataCant3</name>
         <load_address>0x1038a</load_address>
         <run_address>0x1038a</run_address>
         <size>0x12e</size>
         <input_file_ref idref="fl-3"/>
      </object_component>
      <object_component id="oc-534">
         <name>.text:processPeriodDataCant4</name>
         <load_address>0x104b8</load_address>
         <run_address>0x104b8</run_address>
         <size>0x12e</size>
         <input_file_ref idref="fl-3"/>
      </object_component>
      <object_component id="oc-53a">
         <name>.text:processPeriodDataCant5</name>
         <load_address>0x105e6</load_address>
         <run_address>0x105e6</run_address>
         <size>0x12e</size>
         <input_file_ref idref="fl-3"/>
      </object_component>
      <object_component id="oc-61e">
         <name>.text:write_uint16_SPI</name>
         <load_address>0x10714</load_address>
         <run_address>0x10714</run_address>
         <size>0xfa</size>
         <input_file_ref idref="fl-7"/>
      </object_component>
      <object_component id="oc-553">
         <name>.text:write_uint32_SPI</name>
         <load_address>0x1080e</load_address>
         <run_address>0x1080e</run_address>
         <size>0xc6</size>
         <input_file_ref idref="fl-7"/>
      </object_component>
      <object_component id="oc-54c">
         <name>.text:init_SPI</name>
         <load_address>0x108d4</load_address>
         <run_address>0x108d4</run_address>
         <size>0xc2</size>
         <input_file_ref idref="fl-7"/>
      </object_component>
      <object_component id="oc-577">
         <name>.text:write_uint8_SPI</name>
         <load_address>0x10996</load_address>
         <run_address>0x10996</run_address>
         <size>0x8c</size>
         <input_file_ref idref="fl-7"/>
      </object_component>
      <object_component id="oc-439">
         <name>.text:_auto_init_hold_wdt</name>
         <load_address>0x10a22</load_address>
         <run_address>0x10a22</run_address>
         <size>0x82</size>
         <input_file_ref idref="fl-4d"/>
      </object_component>
      <object_component id="oc-51c">
         <name>.text:collectData</name>
         <load_address>0x10aa4</load_address>
         <run_address>0x10aa4</run_address>
         <size>0x82</size>
         <input_file_ref idref="fl-3"/>
      </object_component>
      <object_component id="oc-55f">
         <name>.text:findMedianCant5</name>
         <load_address>0x10b26</load_address>
         <run_address>0x10b26</run_address>
         <size>0x7a</size>
         <input_file_ref idref="fl-3"/>
      </object_component>
      <object_component id="oc-40e">
         <name>.text:__TI_decompress_rle_core</name>
         <load_address>0x10ba0</load_address>
         <run_address>0x10ba0</run_address>
         <size>0x68</size>
         <input_file_ref idref="fl-2a"/>
      </object_component>
      <object_component id="oc-492">
         <name>.text:copy_in</name>
         <load_address>0x10c08</load_address>
         <run_address>0x10c08</run_address>
         <size>0x66</size>
         <input_file_ref idref="fl-55"/>
      </object_component>
      <object_component id="oc-589">
         <name>.text:initCapturePins</name>
         <load_address>0x10c6e</load_address>
         <run_address>0x10c6e</run_address>
         <size>0x5c</size>
         <input_file_ref idref="fl-4"/>
      </object_component>
      <object_component id="oc-57d">
         <name>.text:initialize_ADC12</name>
         <load_address>0x10cca</load_address>
         <run_address>0x10cca</run_address>
         <size>0x5c</size>
         <input_file_ref idref="fl-4"/>
      </object_component>
      <object_component id="oc-565">
         <name>.text:medianFilter</name>
         <load_address>0x10d26</load_address>
         <run_address>0x10d26</run_address>
         <size>0x5c</size>
         <input_file_ref idref="fl-3"/>
      </object_component>
      <object_component id="oc-612">
         <name>.text</name>
         <load_address>0x10d82</load_address>
         <run_address>0x10d82</run_address>
         <size>0x58</size>
         <input_file_ref idref="fl-44"/>
      </object_component>
      <object_component id="oc-595">
         <name>.text:init_Hbridge</name>
         <load_address>0x10dda</load_address>
         <run_address>0x10dda</run_address>
         <size>0x42</size>
         <input_file_ref idref="fl-6"/>
      </object_component>
      <object_component id="oc-607">
         <name>.text:l_lsr_const</name>
         <load_address>0x10e1c</load_address>
         <run_address>0x10e1c</run_address>
         <size>0x3e</size>
         <input_file_ref idref="fl-4a"/>
      </object_component>
      <object_component id="oc-571">
         <name>.text:initialize__Clocks_MPS430FR5969</name>
         <load_address>0x10e5a</load_address>
         <run_address>0x10e5a</run_address>
         <size>0x3c</size>
         <input_file_ref idref="fl-5"/>
      </object_component>
      <object_component id="oc-583">
         <name>.text:initCaptureRegisters</name>
         <load_address>0x10e96</load_address>
         <run_address>0x10e96</run_address>
         <size>0x34</size>
         <input_file_ref idref="fl-4"/>
      </object_component>
      <object_component id="oc-56b">
         <name>.text:averageData</name>
         <load_address>0x10eca</load_address>
         <run_address>0x10eca</run_address>
         <size>0x30</size>
         <input_file_ref idref="fl-3"/>
      </object_component>
      <object_component id="oc-453">
         <name>.text:main</name>
         <load_address>0x10efa</load_address>
         <run_address>0x10efa</run_address>
         <size>0x22</size>
         <input_file_ref idref="fl-8"/>
      </object_component>
      <object_component id="oc-59b">
         <name>.text:setMotorDirection</name>
         <load_address>0x10f1c</load_address>
         <run_address>0x10f1c</run_address>
         <size>0x22</size>
         <input_file_ref idref="fl-6"/>
      </object_component>
      <object_component id="oc-559">
         <name>.text:zeroOutFRAMCantileverData1</name>
         <load_address>0x10f3e</load_address>
         <run_address>0x10f3e</run_address>
         <size>0x22</size>
         <input_file_ref idref="fl-3"/>
      </object_component>
      <object_component id="oc-5c0">
         <name>.text:motorOpen</name>
         <load_address>0x10f60</load_address>
         <run_address>0x10f60</run_address>
         <size>0x1a</size>
         <input_file_ref idref="fl-6"/>
      </object_component>
      <object_component id="oc-540">
         <name>.text:readFRAMCantileverData</name>
         <load_address>0x10f7a</load_address>
         <run_address>0x10f7a</run_address>
         <size>0x1a</size>
         <input_file_ref idref="fl-3"/>
      </object_component>
      <object_component id="oc-4dc">
         <name>.text</name>
         <load_address>0x10f94</load_address>
         <run_address>0x10f94</run_address>
         <size>0x18</size>
         <input_file_ref idref="fl-45"/>
      </object_component>
      <object_component id="oc-50d">
         <name>.text:resetCantileverDataCounters</name>
         <load_address>0x10fac</load_address>
         <run_address>0x10fac</run_address>
         <size>0x16</size>
         <input_file_ref idref="fl-4"/>
      </object_component>
      <object_component id="oc-401">
         <name>.text:memcpy</name>
         <load_address>0x10fc2</load_address>
         <run_address>0x10fc2</run_address>
         <size>0x14</size>
         <input_file_ref idref="fl-57"/>
      </object_component>
      <object_component id="oc-75">
         <name>.text:decompress:none:__TI_decompress_none</name>
         <load_address>0x10fd6</load_address>
         <run_address>0x10fd6</run_address>
         <size>0x12</size>
         <input_file_ref idref="fl-29"/>
      </object_component>
      <object_component id="oc-513">
         <name>.text:startADC12</name>
         <load_address>0x10fe8</load_address>
         <run_address>0x10fe8</run_address>
         <size>0xe</size>
         <input_file_ref idref="fl-4"/>
      </object_component>
      <object_component id="oc-58f">
         <name>.text:initCaptureTimer</name>
         <load_address>0x10ff6</load_address>
         <run_address>0x10ff6</run_address>
         <size>0xc</size>
         <input_file_ref idref="fl-4"/>
      </object_component>
      <object_component id="oc-5c6">
         <name>.text:motorBrake</name>
         <load_address>0x11002</load_address>
         <run_address>0x11002</run_address>
         <size>0xc</size>
         <input_file_ref idref="fl-6"/>
      </object_component>
      <object_component id="oc-628">
         <name>.text:motorForward</name>
         <load_address>0x1100e</load_address>
         <run_address>0x1100e</run_address>
         <size>0xc</size>
         <input_file_ref idref="fl-6"/>
      </object_component>
      <object_component id="oc-62e">
         <name>.text:motorReverse</name>
         <load_address>0x1101a</load_address>
         <run_address>0x1101a</run_address>
         <size>0xc</size>
         <input_file_ref idref="fl-6"/>
      </object_component>
      <object_component id="oc-5cc">
         <name>.text:stopADC12</name>
         <load_address>0x11026</load_address>
         <run_address>0x11026</run_address>
         <size>0xa</size>
         <input_file_ref idref="fl-4"/>
      </object_component>
      <object_component id="oc-5ba">
         <name>.text:setMotorAmplitude</name>
         <load_address>0x11030</load_address>
         <run_address>0x11030</run_address>
         <size>0x8</size>
         <input_file_ref idref="fl-6"/>
      </object_component>
      <object_component id="oc-5d5">
         <name>.text:startTimer</name>
         <load_address>0x11038</load_address>
         <run_address>0x11038</run_address>
         <size>0x8</size>
         <input_file_ref idref="fl-4"/>
      </object_component>
      <object_component id="oc-5db">
         <name>.text:stopTimer</name>
         <load_address>0x11040</load_address>
         <run_address>0x11040</run_address>
         <size>0x8</size>
         <input_file_ref idref="fl-4"/>
      </object_component>
      <object_component id="oc-45b">
         <name>.text:abort</name>
         <load_address>0x11048</load_address>
         <run_address>0x11048</run_address>
         <size>0x6</size>
         <input_file_ref idref="fl-52"/>
      </object_component>
      <object_component id="oc-7b">
         <name>.text:decompress:rle24:__TI_decompress_rle24</name>
         <load_address>0x1104e</load_address>
         <run_address>0x1104e</run_address>
         <size>0x6</size>
         <input_file_ref idref="fl-2a"/>
      </object_component>
      <object_component id="oc-433">
         <name>.text:_system_pre_init</name>
         <load_address>0x11054</load_address>
         <run_address>0x11054</run_address>
         <size>0x4</size>
         <input_file_ref idref="fl-51"/>
      </object_component>
      <object_component id="oc-498">
         <name>.text:_system_post_cinit</name>
         <load_address>0x11058</load_address>
         <run_address>0x11058</run_address>
         <size>0x2</size>
         <input_file_ref idref="fl-50"/>
      </object_component>
      <object_component id="oc-5d2">
         <name>.bss</name>
         <uninitialized>true</uninitialized>
         <run_address>0xed74</run_address>
         <size>0x9</size>
         <input_file_ref idref="fl-3"/>
      </object_component>
      <object_component id="oc-481">
         <name>.bss</name>
         <uninitialized>true</uninitialized>
         <run_address>0xed7e</run_address>
         <size>0x9</size>
         <input_file_ref idref="fl-4"/>
      </object_component>
      <object_component id="oc-4ba">
         <name>.bss</name>
         <uninitialized>true</uninitialized>
         <run_address>0xed7d</run_address>
         <size>0x1</size>
         <input_file_ref idref="fl-8"/>
      </object_component>
      <object_component id="oc-484">
         <name>.common:timerDataCant1</name>
         <uninitialized>true</uninitialized>
         <run_address>0xeb08</run_address>
         <size>0x78</size>
      </object_component>
      <object_component id="oc-48d">
         <name>.common:timerDataCant2</name>
         <uninitialized>true</uninitialized>
         <run_address>0xeb80</run_address>
         <size>0x78</size>
      </object_component>
      <object_component id="oc-48b">
         <name>.common:timerDataCant3</name>
         <uninitialized>true</uninitialized>
         <run_address>0xebf8</run_address>
         <size>0x78</size>
      </object_component>
      <object_component id="oc-48c">
         <name>.common:timerDataCant4</name>
         <uninitialized>true</uninitialized>
         <run_address>0xec70</run_address>
         <size>0x78</size>
      </object_component>
      <object_component id="oc-5fb">
         <name>.common:timerDataCant5</name>
         <uninitialized>true</uninitialized>
         <run_address>0xece8</run_address>
         <size>0x78</size>
      </object_component>
      <object_component id="oc-546">
         <name>.common:periodDataCant1</name>
         <uninitialized>true</uninitialized>
         <run_address>0xe8b0</run_address>
         <size>0x78</size>
      </object_component>
      <object_component id="oc-548">
         <name>.common:periodDataCant2</name>
         <uninitialized>true</uninitialized>
         <run_address>0xe928</run_address>
         <size>0x78</size>
      </object_component>
      <object_component id="oc-549">
         <name>.common:periodDataCant3</name>
         <uninitialized>true</uninitialized>
         <run_address>0xe9a0</run_address>
         <size>0x78</size>
      </object_component>
      <object_component id="oc-54a">
         <name>.common:periodDataCant4</name>
         <uninitialized>true</uninitialized>
         <run_address>0xea18</run_address>
         <size>0x78</size>
      </object_component>
      <object_component id="oc-54b">
         <name>.common:periodDataCant5</name>
         <uninitialized>true</uninitialized>
         <run_address>0xea90</run_address>
         <size>0x78</size>
      </object_component>
      <object_component id="oc-5e3">
         <name>.common:deltaPeriodCant1</name>
         <uninitialized>true</uninitialized>
         <run_address>0xe400</run_address>
         <size>0x78</size>
      </object_component>
      <object_component id="oc-5e9">
         <name>.common:deltaPeriodCant2</name>
         <uninitialized>true</uninitialized>
         <run_address>0xe478</run_address>
         <size>0x78</size>
      </object_component>
      <object_component id="oc-5ef">
         <name>.common:deltaPeriodCant3</name>
         <uninitialized>true</uninitialized>
         <run_address>0xe4f0</run_address>
         <size>0x78</size>
      </object_component>
      <object_component id="oc-5f5">
         <name>.common:deltaPeriodCant4</name>
         <uninitialized>true</uninitialized>
         <run_address>0xe568</run_address>
         <size>0x78</size>
      </object_component>
      <object_component id="oc-5fc">
         <name>.common:deltaPeriodCant5</name>
         <uninitialized>true</uninitialized>
         <run_address>0xe5e0</run_address>
         <size>0x78</size>
      </object_component>
      <object_component id="oc-5e4">
         <name>.common:filteredDataCant1</name>
         <uninitialized>true</uninitialized>
         <run_address>0xe658</run_address>
         <size>0x78</size>
      </object_component>
      <object_component id="oc-5ea">
         <name>.common:filteredDataCant2</name>
         <uninitialized>true</uninitialized>
         <run_address>0xe6d0</run_address>
         <size>0x78</size>
      </object_component>
      <object_component id="oc-5f0">
         <name>.common:filteredDataCant3</name>
         <uninitialized>true</uninitialized>
         <run_address>0xe748</run_address>
         <size>0x78</size>
      </object_component>
      <object_component id="oc-5f6">
         <name>.common:filteredDataCant4</name>
         <uninitialized>true</uninitialized>
         <run_address>0xe7c0</run_address>
         <size>0x78</size>
      </object_component>
      <object_component id="oc-5fd">
         <name>.common:filteredDataCant5</name>
         <uninitialized>true</uninitialized>
         <run_address>0xe838</run_address>
         <size>0x78</size>
      </object_component>
      <object_component id="oc-5e2">
         <name>.common:i</name>
         <uninitialized>true</uninitialized>
         <run_address>0xed87</run_address>
         <size>0x1</size>
      </object_component>
      <object_component id="oc-552">
         <name>.common:cantResonantPeriod5</name>
         <uninitialized>true</uninitialized>
         <run_address>0xed88</run_address>
         <size>0x4</size>
      </object_component>
      <object_component id="oc-547">
         <name>.common:finalData</name>
         <uninitialized>true</uninitialized>
         <run_address>0xed60</run_address>
         <size>0x14</size>
      </object_component>
      <object_component id="oc-4b9">
         <name>.common:PolySci_State</name>
         <uninitialized>true</uninitialized>
         <run_address>0xed8c</run_address>
         <size>0x2</size>
      </object_component>
      <object_component id="oc-604">
         <name>.data</name>
         <load_address>0xee98</load_address>
         <run_address>0xee98</run_address>
         <size>0x1</size>
         <input_file_ref idref="fl-7"/>
      </object_component>
      <object_component id="oc-4c3">
         <name>.data</name>
         <load_address>0xee92</load_address>
         <run_address>0xee92</run_address>
         <size>0x6</size>
         <input_file_ref idref="fl-8"/>
      </object_component>
      <object_component id="oc-3fd">
         <name>.stack</name>
         <uninitialized>true</uninitialized>
         <run_address>0x2360</run_address>
         <size>0x4</size>
         <input_file_ref idref="fl-4b"/>
      </object_component>
      <object_component id="oc-6bf">
         <name>.stack</name>
         <uninitialized>true</uninitialized>
         <run_address>0x2360</run_address>
         <size>0x0</size>
      </object_component>
      <object_component id="oc-81">
         <name>.int30</name>
         <load_address>0xffcc</load_address>
         <run_address>0xffcc</run_address>
         <size>0x2</size>
         <input_file_ref idref="fl-2b"/>
      </object_component>
      <object_component id="oc-82">
         <name>.int31</name>
         <load_address>0xffce</load_address>
         <run_address>0xffce</run_address>
         <size>0x2</size>
         <input_file_ref idref="fl-2d"/>
      </object_component>
      <object_component id="oc-83">
         <name>.int32</name>
         <load_address>0xffd0</load_address>
         <run_address>0xffd0</run_address>
         <size>0x2</size>
         <input_file_ref idref="fl-2e"/>
      </object_component>
      <object_component id="oc-84">
         <name>.int33</name>
         <load_address>0xffd2</load_address>
         <run_address>0xffd2</run_address>
         <size>0x2</size>
         <input_file_ref idref="fl-2f"/>
      </object_component>
      <object_component id="oc-85">
         <name>.int34</name>
         <load_address>0xffd4</load_address>
         <run_address>0xffd4</run_address>
         <size>0x2</size>
         <input_file_ref idref="fl-30"/>
      </object_component>
      <object_component id="oc-86">
         <name>.int35</name>
         <load_address>0xffd6</load_address>
         <run_address>0xffd6</run_address>
         <size>0x2</size>
         <input_file_ref idref="fl-31"/>
      </object_component>
      <object_component id="oc-87">
         <name>.int36</name>
         <load_address>0xffd8</load_address>
         <run_address>0xffd8</run_address>
         <size>0x2</size>
         <input_file_ref idref="fl-32"/>
      </object_component>
      <object_component id="oc-88">
         <name>.int37</name>
         <load_address>0xffda</load_address>
         <run_address>0xffda</run_address>
         <size>0x2</size>
         <input_file_ref idref="fl-33"/>
      </object_component>
      <object_component id="oc-89">
         <name>.int38</name>
         <load_address>0xffdc</load_address>
         <run_address>0xffdc</run_address>
         <size>0x2</size>
         <input_file_ref idref="fl-34"/>
      </object_component>
      <object_component id="oc-8a">
         <name>.int39</name>
         <load_address>0xffde</load_address>
         <run_address>0xffde</run_address>
         <size>0x2</size>
         <input_file_ref idref="fl-35"/>
      </object_component>
      <object_component id="oc-8b">
         <name>.int40</name>
         <load_address>0xffe0</load_address>
         <run_address>0xffe0</run_address>
         <size>0x2</size>
         <input_file_ref idref="fl-36"/>
      </object_component>
      <object_component id="oc-8c">
         <name>.int41</name>
         <load_address>0xffe2</load_address>
         <run_address>0xffe2</run_address>
         <size>0x2</size>
         <input_file_ref idref="fl-37"/>
      </object_component>
      <object_component id="oc-8d">
         <name>.int42</name>
         <load_address>0xffe4</load_address>
         <run_address>0xffe4</run_address>
         <size>0x2</size>
         <input_file_ref idref="fl-38"/>
      </object_component>
      <object_component id="oc-8e">
         <name>.int43</name>
         <load_address>0xffe6</load_address>
         <run_address>0xffe6</run_address>
         <size>0x2</size>
         <input_file_ref idref="fl-39"/>
      </object_component>
      <object_component id="oc-8f">
         <name>.int44</name>
         <load_address>0xffe8</load_address>
         <run_address>0xffe8</run_address>
         <size>0x2</size>
         <input_file_ref idref="fl-3a"/>
      </object_component>
      <object_component id="oc-90">
         <name>.int45</name>
         <load_address>0xffea</load_address>
         <run_address>0xffea</run_address>
         <size>0x2</size>
         <input_file_ref idref="fl-3b"/>
      </object_component>
      <object_component id="oc-91">
         <name>.int46</name>
         <load_address>0xffec</load_address>
         <run_address>0xffec</run_address>
         <size>0x2</size>
         <input_file_ref idref="fl-4"/>
      </object_component>
      <object_component id="oc-92">
         <name>.int47</name>
         <load_address>0xffee</load_address>
         <run_address>0xffee</run_address>
         <size>0x2</size>
         <input_file_ref idref="fl-3c"/>
      </object_component>
      <object_component id="oc-93">
         <name>.int48</name>
         <load_address>0xfff0</load_address>
         <run_address>0xfff0</run_address>
         <size>0x2</size>
         <input_file_ref idref="fl-3d"/>
      </object_component>
      <object_component id="oc-94">
         <name>.int49</name>
         <load_address>0xfff2</load_address>
         <run_address>0xfff2</run_address>
         <size>0x2</size>
         <input_file_ref idref="fl-3e"/>
      </object_component>
      <object_component id="oc-95">
         <name>.int50</name>
         <load_address>0xfff4</load_address>
         <run_address>0xfff4</run_address>
         <size>0x2</size>
         <input_file_ref idref="fl-4"/>
      </object_component>
      <object_component id="oc-96">
         <name>.int51</name>
         <load_address>0xfff6</load_address>
         <run_address>0xfff6</run_address>
         <size>0x2</size>
         <input_file_ref idref="fl-3f"/>
      </object_component>
      <object_component id="oc-97">
         <name>.int52</name>
         <load_address>0xfff8</load_address>
         <run_address>0xfff8</run_address>
         <size>0x2</size>
         <input_file_ref idref="fl-40"/>
      </object_component>
      <object_component id="oc-98">
         <name>.int53</name>
         <load_address>0xfffa</load_address>
         <run_address>0xfffa</run_address>
         <size>0x2</size>
         <input_file_ref idref="fl-41"/>
      </object_component>
      <object_component id="oc-99">
         <name>.int54</name>
         <load_address>0xfffc</load_address>
         <run_address>0xfffc</run_address>
         <size>0x2</size>
         <input_file_ref idref="fl-42"/>
      </object_component>
      <object_component id="oc-400">
         <name>.reset</name>
         <load_address>0xfffe</load_address>
         <run_address>0xfffe</run_address>
         <size>0x2</size>
         <input_file_ref idref="fl-4b"/>
      </object_component>
      <object_component id="oc-5a4">
         <name>.debug_info</name>
         <load_address>0x0</load_address>
         <run_address>0x0</run_address>
         <size>0x8b</size>
         <input_file_ref idref="fl-2"/>
      </object_component>
      <object_component id="oc-4cc">
         <name>.debug_info</name>
         <load_address>0x8b</load_address>
         <run_address>0x8b</run_address>
         <size>0x18b</size>
         <input_file_ref idref="fl-2"/>
      </object_component>
      <object_component id="oc-485">
         <name>.debug_info</name>
         <load_address>0x216</load_address>
         <run_address>0x216</run_address>
         <size>0x714</size>
         <input_file_ref idref="fl-3"/>
      </object_component>
      <object_component id="oc-5d3">
         <name>.debug_info</name>
         <load_address>0x92a</load_address>
         <run_address>0x92a</run_address>
         <size>0x1a5</size>
         <input_file_ref idref="fl-3"/>
      </object_component>
      <object_component id="oc-5e6">
         <name>.debug_info</name>
         <load_address>0xacf</load_address>
         <run_address>0xacf</run_address>
         <size>0xe3</size>
         <input_file_ref idref="fl-3"/>
      </object_component>
      <object_component id="oc-5ec">
         <name>.debug_info</name>
         <load_address>0xbb2</load_address>
         <run_address>0xbb2</run_address>
         <size>0xe3</size>
         <input_file_ref idref="fl-3"/>
      </object_component>
      <object_component id="oc-5f2">
         <name>.debug_info</name>
         <load_address>0xc95</load_address>
         <run_address>0xc95</run_address>
         <size>0xe3</size>
         <input_file_ref idref="fl-3"/>
      </object_component>
      <object_component id="oc-5f8">
         <name>.debug_info</name>
         <load_address>0xd78</load_address>
         <run_address>0xd78</run_address>
         <size>0xe3</size>
         <input_file_ref idref="fl-3"/>
      </object_component>
      <object_component id="oc-5ff">
         <name>.debug_info</name>
         <load_address>0xe5b</load_address>
         <run_address>0xe5b</run_address>
         <size>0xe3</size>
         <input_file_ref idref="fl-3"/>
      </object_component>
      <object_component id="oc-51d">
         <name>.debug_info</name>
         <load_address>0xf3e</load_address>
         <run_address>0xf3e</run_address>
         <size>0x231</size>
         <input_file_ref idref="fl-3"/>
      </object_component>
      <object_component id="oc-523">
         <name>.debug_info</name>
         <load_address>0x116f</load_address>
         <run_address>0x116f</run_address>
         <size>0x138</size>
         <input_file_ref idref="fl-3"/>
      </object_component>
      <object_component id="oc-529">
         <name>.debug_info</name>
         <load_address>0x12a7</load_address>
         <run_address>0x12a7</run_address>
         <size>0x138</size>
         <input_file_ref idref="fl-3"/>
      </object_component>
      <object_component id="oc-52f">
         <name>.debug_info</name>
         <load_address>0x13df</load_address>
         <run_address>0x13df</run_address>
         <size>0x138</size>
         <input_file_ref idref="fl-3"/>
      </object_component>
      <object_component id="oc-535">
         <name>.debug_info</name>
         <load_address>0x1517</load_address>
         <run_address>0x1517</run_address>
         <size>0x138</size>
         <input_file_ref idref="fl-3"/>
      </object_component>
      <object_component id="oc-53b">
         <name>.debug_info</name>
         <load_address>0x164f</load_address>
         <run_address>0x164f</run_address>
         <size>0x138</size>
         <input_file_ref idref="fl-3"/>
      </object_component>
      <object_component id="oc-560">
         <name>.debug_info</name>
         <load_address>0x1787</load_address>
         <run_address>0x1787</run_address>
         <size>0x194</size>
         <input_file_ref idref="fl-3"/>
      </object_component>
      <object_component id="oc-566">
         <name>.debug_info</name>
         <load_address>0x191b</load_address>
         <run_address>0x191b</run_address>
         <size>0x159</size>
         <input_file_ref idref="fl-3"/>
      </object_component>
      <object_component id="oc-56c">
         <name>.debug_info</name>
         <load_address>0x1a74</load_address>
         <run_address>0x1a74</run_address>
         <size>0x152</size>
         <input_file_ref idref="fl-3"/>
      </object_component>
      <object_component id="oc-541">
         <name>.debug_info</name>
         <load_address>0x1bc6</load_address>
         <run_address>0x1bc6</run_address>
         <size>0x13b</size>
         <input_file_ref idref="fl-3"/>
      </object_component>
      <object_component id="oc-55a">
         <name>.debug_info</name>
         <load_address>0x1d01</load_address>
         <run_address>0x1d01</run_address>
         <size>0x14e</size>
         <input_file_ref idref="fl-3"/>
      </object_component>
      <object_component id="oc-469">
         <name>.debug_info</name>
         <load_address>0x1e4f</load_address>
         <run_address>0x1e4f</run_address>
         <size>0x84</size>
         <input_file_ref idref="fl-3"/>
      </object_component>
      <object_component id="oc-487">
         <name>.debug_info</name>
         <load_address>0x1ed3</load_address>
         <run_address>0x1ed3</run_address>
         <size>0x92a</size>
         <input_file_ref idref="fl-4"/>
      </object_component>
      <object_component id="oc-482">
         <name>.debug_info</name>
         <load_address>0x27fd</load_address>
         <run_address>0x27fd</run_address>
         <size>0x1b9</size>
         <input_file_ref idref="fl-4"/>
      </object_component>
      <object_component id="oc-590">
         <name>.debug_info</name>
         <load_address>0x29b6</load_address>
         <run_address>0x29b6</run_address>
         <size>0x12c</size>
         <input_file_ref idref="fl-4"/>
      </object_component>
      <object_component id="oc-5d6">
         <name>.debug_info</name>
         <load_address>0x2ae2</load_address>
         <run_address>0x2ae2</run_address>
         <size>0x120</size>
         <input_file_ref idref="fl-4"/>
      </object_component>
      <object_component id="oc-5dc">
         <name>.debug_info</name>
         <load_address>0x2c02</load_address>
         <run_address>0x2c02</run_address>
         <size>0x11e</size>
         <input_file_ref idref="fl-4"/>
      </object_component>
      <object_component id="oc-584">
         <name>.debug_info</name>
         <load_address>0x2d20</load_address>
         <run_address>0x2d20</run_address>
         <size>0x134</size>
         <input_file_ref idref="fl-4"/>
      </object_component>
      <object_component id="oc-58a">
         <name>.debug_info</name>
         <load_address>0x2e54</load_address>
         <run_address>0x2e54</run_address>
         <size>0x12a</size>
         <input_file_ref idref="fl-4"/>
      </object_component>
      <object_component id="oc-57e">
         <name>.debug_info</name>
         <load_address>0x2f7e</load_address>
         <run_address>0x2f7e</run_address>
         <size>0x12c</size>
         <input_file_ref idref="fl-4"/>
      </object_component>
      <object_component id="oc-50e">
         <name>.debug_info</name>
         <load_address>0x30aa</load_address>
         <run_address>0x30aa</run_address>
         <size>0x142</size>
         <input_file_ref idref="fl-4"/>
      </object_component>
      <object_component id="oc-514">
         <name>.debug_info</name>
         <load_address>0x31ec</load_address>
         <run_address>0x31ec</run_address>
         <size>0x120</size>
         <input_file_ref idref="fl-4"/>
      </object_component>
      <object_component id="oc-5cd">
         <name>.debug_info</name>
         <load_address>0x330c</load_address>
         <run_address>0x330c</run_address>
         <size>0x11e</size>
         <input_file_ref idref="fl-4"/>
      </object_component>
      <object_component id="oc-427">
         <name>.debug_info</name>
         <load_address>0x342a</load_address>
         <run_address>0x342a</run_address>
         <size>0x11b</size>
         <input_file_ref idref="fl-4"/>
      </object_component>
      <object_component id="oc-421">
         <name>.debug_info</name>
         <load_address>0x3545</load_address>
         <run_address>0x3545</run_address>
         <size>0x11f</size>
         <input_file_ref idref="fl-4"/>
      </object_component>
      <object_component id="oc-572">
         <name>.debug_info</name>
         <load_address>0x3664</load_address>
         <run_address>0x3664</run_address>
         <size>0x144</size>
         <input_file_ref idref="fl-5"/>
      </object_component>
      <object_component id="oc-650">
         <name>.debug_info</name>
         <load_address>0x37a8</load_address>
         <run_address>0x37a8</run_address>
         <size>0x315</size>
         <input_file_ref idref="fl-6"/>
      </object_component>
      <object_component id="oc-626">
         <name>.debug_info</name>
         <load_address>0x3abd</load_address>
         <run_address>0x3abd</run_address>
         <size>0xfe</size>
         <input_file_ref idref="fl-6"/>
      </object_component>
      <object_component id="oc-596">
         <name>.debug_info</name>
         <load_address>0x3bbb</load_address>
         <run_address>0x3bbb</run_address>
         <size>0x15f</size>
         <input_file_ref idref="fl-6"/>
      </object_component>
      <object_component id="oc-59c">
         <name>.debug_info</name>
         <load_address>0x3d1a</load_address>
         <run_address>0x3d1a</run_address>
         <size>0x1a0</size>
         <input_file_ref idref="fl-6"/>
      </object_component>
      <object_component id="oc-5bb">
         <name>.debug_info</name>
         <load_address>0x3eba</load_address>
         <run_address>0x3eba</run_address>
         <size>0x169</size>
         <input_file_ref idref="fl-6"/>
      </object_component>
      <object_component id="oc-629">
         <name>.debug_info</name>
         <load_address>0x4023</load_address>
         <run_address>0x4023</run_address>
         <size>0x127</size>
         <input_file_ref idref="fl-6"/>
      </object_component>
      <object_component id="oc-62f">
         <name>.debug_info</name>
         <load_address>0x414a</load_address>
         <run_address>0x414a</run_address>
         <size>0x127</size>
         <input_file_ref idref="fl-6"/>
      </object_component>
      <object_component id="oc-5c7">
         <name>.debug_info</name>
         <load_address>0x4271</load_address>
         <run_address>0x4271</run_address>
         <size>0x123</size>
         <input_file_ref idref="fl-6"/>
      </object_component>
      <object_component id="oc-5c1">
         <name>.debug_info</name>
         <load_address>0x4394</load_address>
         <run_address>0x4394</run_address>
         <size>0x121</size>
         <input_file_ref idref="fl-6"/>
      </object_component>
      <object_component id="oc-60d">
         <name>.debug_info</name>
         <load_address>0x44b5</load_address>
         <run_address>0x44b5</run_address>
         <size>0x3c0</size>
         <input_file_ref idref="fl-7"/>
      </object_component>
      <object_component id="oc-605">
         <name>.debug_info</name>
         <load_address>0x4875</load_address>
         <run_address>0x4875</run_address>
         <size>0xd3</size>
         <input_file_ref idref="fl-7"/>
      </object_component>
      <object_component id="oc-54d">
         <name>.debug_info</name>
         <load_address>0x4948</load_address>
         <run_address>0x4948</run_address>
         <size>0x157</size>
         <input_file_ref idref="fl-7"/>
      </object_component>
      <object_component id="oc-578">
         <name>.debug_info</name>
         <load_address>0x4a9f</load_address>
         <run_address>0x4a9f</run_address>
         <size>0x193</size>
         <input_file_ref idref="fl-7"/>
      </object_component>
      <object_component id="oc-61f">
         <name>.debug_info</name>
         <load_address>0x4c32</load_address>
         <run_address>0x4c32</run_address>
         <size>0x199</size>
         <input_file_ref idref="fl-7"/>
      </object_component>
      <object_component id="oc-554">
         <name>.debug_info</name>
         <load_address>0x4dcb</load_address>
         <run_address>0x4dcb</run_address>
         <size>0x1ed</size>
         <input_file_ref idref="fl-7"/>
      </object_component>
      <object_component id="oc-489">
         <name>.debug_info</name>
         <load_address>0x4fb8</load_address>
         <run_address>0x4fb8</run_address>
         <size>0xb18</size>
         <input_file_ref idref="fl-8"/>
      </object_component>
      <object_component id="oc-51a">
         <name>.debug_info</name>
         <load_address>0x5ad0</load_address>
         <run_address>0x5ad0</run_address>
         <size>0xd7</size>
         <input_file_ref idref="fl-8"/>
      </object_component>
      <object_component id="oc-4bb">
         <name>.debug_info</name>
         <load_address>0x5ba7</load_address>
         <run_address>0x5ba7</run_address>
         <size>0xe1</size>
         <input_file_ref idref="fl-8"/>
      </object_component>
      <object_component id="oc-4c4">
         <name>.debug_info</name>
         <load_address>0x5c88</load_address>
         <run_address>0x5c88</run_address>
         <size>0x120</size>
         <input_file_ref idref="fl-8"/>
      </object_component>
      <object_component id="oc-454">
         <name>.debug_info</name>
         <load_address>0x5da8</load_address>
         <run_address>0x5da8</run_address>
         <size>0x11a</size>
         <input_file_ref idref="fl-8"/>
      </object_component>
      <object_component id="oc-4be">
         <name>.debug_info</name>
         <load_address>0x5ec2</load_address>
         <run_address>0x5ec2</run_address>
         <size>0x386</size>
         <input_file_ref idref="fl-8"/>
      </object_component>
      <object_component id="oc-4d7">
         <name>.debug_info</name>
         <load_address>0x6248</load_address>
         <run_address>0x6248</run_address>
         <size>0x5a</size>
         <input_file_ref idref="fl-8"/>
      </object_component>
      <object_component id="oc-40d">
         <name>.debug_info</name>
         <load_address>0x62a2</load_address>
         <run_address>0x62a2</run_address>
         <size>0x1e2</size>
         <input_file_ref idref="fl-29"/>
      </object_component>
      <object_component id="oc-78">
         <name>.debug_info</name>
         <load_address>0x6484</load_address>
         <run_address>0x6484</run_address>
         <size>0x1e4</size>
         <input_file_ref idref="fl-29"/>
      </object_component>
      <object_component id="oc-408">
         <name>.debug_info</name>
         <load_address>0x6668</load_address>
         <run_address>0x6668</run_address>
         <size>0x46</size>
         <input_file_ref idref="fl-29"/>
      </object_component>
      <object_component id="oc-477">
         <name>.debug_info</name>
         <load_address>0x66ae</load_address>
         <run_address>0x66ae</run_address>
         <size>0x2c</size>
         <input_file_ref idref="fl-29"/>
      </object_component>
      <object_component id="oc-415">
         <name>.debug_info</name>
         <load_address>0x66da</load_address>
         <run_address>0x66da</run_address>
         <size>0x19f</size>
         <input_file_ref idref="fl-2a"/>
      </object_component>
      <object_component id="oc-410">
         <name>.debug_info</name>
         <load_address>0x6879</load_address>
         <run_address>0x6879</run_address>
         <size>0x256</size>
         <input_file_ref idref="fl-2a"/>
      </object_component>
      <object_component id="oc-7d">
         <name>.debug_info</name>
         <load_address>0x6acf</load_address>
         <run_address>0x6acf</run_address>
         <size>0x1cd</size>
         <input_file_ref idref="fl-2a"/>
      </object_component>
      <object_component id="oc-416">
         <name>.debug_info</name>
         <load_address>0x6c9c</load_address>
         <run_address>0x6c9c</run_address>
         <size>0x39</size>
         <input_file_ref idref="fl-2a"/>
      </object_component>
      <object_component id="oc-41e">
         <name>.debug_info</name>
         <load_address>0x6cd5</load_address>
         <run_address>0x6cd5</run_address>
         <size>0x123</size>
         <input_file_ref idref="fl-2c"/>
      </object_component>
      <object_component id="oc-614">
         <name>.debug_info</name>
         <load_address>0x6df8</load_address>
         <run_address>0x6df8</run_address>
         <size>0x137</size>
         <input_file_ref idref="fl-44"/>
      </object_component>
      <object_component id="oc-4dd">
         <name>.debug_info</name>
         <load_address>0x6f2f</load_address>
         <run_address>0x6f2f</run_address>
         <size>0x144</size>
         <input_file_ref idref="fl-45"/>
      </object_component>
      <object_component id="oc-608">
         <name>.debug_info</name>
         <load_address>0x7073</load_address>
         <run_address>0x7073</run_address>
         <size>0x13a</size>
         <input_file_ref idref="fl-4a"/>
      </object_component>
      <object_component id="oc-3fe">
         <name>.debug_info</name>
         <load_address>0x71ad</load_address>
         <run_address>0x71ad</run_address>
         <size>0x111</size>
         <input_file_ref idref="fl-4b"/>
      </object_component>
      <object_component id="oc-49f">
         <name>.debug_info</name>
         <load_address>0x72be</load_address>
         <run_address>0x72be</run_address>
         <size>0x411</size>
         <input_file_ref idref="fl-4d"/>
      </object_component>
      <object_component id="oc-43a">
         <name>.debug_info</name>
         <load_address>0x76cf</load_address>
         <run_address>0x76cf</run_address>
         <size>0x23a</size>
         <input_file_ref idref="fl-4d"/>
      </object_component>
      <object_component id="oc-4e6">
         <name>.debug_info</name>
         <load_address>0x7909</load_address>
         <run_address>0x7909</run_address>
         <size>0x39</size>
         <input_file_ref idref="fl-4d"/>
      </object_component>
      <object_component id="oc-4a0">
         <name>.debug_info</name>
         <load_address>0x7942</load_address>
         <run_address>0x7942</run_address>
         <size>0x2c</size>
         <input_file_ref idref="fl-4d"/>
      </object_component>
      <object_component id="oc-4eb">
         <name>.debug_info</name>
         <load_address>0x796e</load_address>
         <run_address>0x796e</run_address>
         <size>0xcd</size>
         <input_file_ref idref="fl-4d"/>
      </object_component>
      <object_component id="oc-b9">
         <name>.debug_info</name>
         <load_address>0x7a3b</load_address>
         <run_address>0x7a3b</run_address>
         <size>0x1b2</size>
         <input_file_ref idref="fl-4e"/>
      </object_component>
      <object_component id="oc-499">
         <name>.debug_info</name>
         <load_address>0x7bed</load_address>
         <run_address>0x7bed</run_address>
         <size>0x161</size>
         <input_file_ref idref="fl-50"/>
      </object_component>
      <object_component id="oc-434">
         <name>.debug_info</name>
         <load_address>0x7d4e</load_address>
         <run_address>0x7d4e</run_address>
         <size>0x164</size>
         <input_file_ref idref="fl-51"/>
      </object_component>
      <object_component id="oc-45c">
         <name>.debug_info</name>
         <load_address>0x7eb2</load_address>
         <run_address>0x7eb2</run_address>
         <size>0x133</size>
         <input_file_ref idref="fl-52"/>
      </object_component>
      <object_component id="oc-4e2">
         <name>.debug_info</name>
         <load_address>0x7fe5</load_address>
         <run_address>0x7fe5</run_address>
         <size>0x282</size>
         <input_file_ref idref="fl-55"/>
      </object_component>
      <object_component id="oc-493">
         <name>.debug_info</name>
         <load_address>0x8267</load_address>
         <run_address>0x8267</run_address>
         <size>0x1cc</size>
         <input_file_ref idref="fl-55"/>
      </object_component>
      <object_component id="oc-5ac">
         <name>.debug_info</name>
         <load_address>0x8433</load_address>
         <run_address>0x8433</run_address>
         <size>0x2c</size>
         <input_file_ref idref="fl-55"/>
      </object_component>
      <object_component id="oc-470">
         <name>.debug_info</name>
         <load_address>0x845f</load_address>
         <run_address>0x845f</run_address>
         <size>0x2c</size>
         <input_file_ref idref="fl-55"/>
      </object_component>
      <object_component id="oc-46f">
         <name>.debug_info</name>
         <load_address>0x848b</load_address>
         <run_address>0x848b</run_address>
         <size>0x198</size>
         <input_file_ref idref="fl-57"/>
      </object_component>
      <object_component id="oc-402">
         <name>.debug_info</name>
         <load_address>0x8623</load_address>
         <run_address>0x8623</run_address>
         <size>0x1ad</size>
         <input_file_ref idref="fl-57"/>
      </object_component>
      <object_component id="oc-6c2">
         <name>.debug_info</name>
         <load_address>0x87d0</load_address>
         <run_address>0x87d0</run_address>
         <size>0xac</size>
      </object_component>
      <object_component id="oc-5a7">
         <name>.debug_line</name>
         <load_address>0x0</load_address>
         <run_address>0x0</run_address>
         <size>0x20</size>
         <input_file_ref idref="fl-2"/>
      </object_component>
      <object_component id="oc-4cf">
         <name>.debug_line</name>
         <load_address>0x20</load_address>
         <run_address>0x20</run_address>
         <size>0x69</size>
         <input_file_ref idref="fl-2"/>
      </object_component>
      <object_component id="oc-4d2">
         <name>.debug_line</name>
         <load_address>0x89</load_address>
         <run_address>0x89</run_address>
         <size>0xe3</size>
         <input_file_ref idref="fl-3"/>
      </object_component>
      <object_component id="oc-63a">
         <name>.debug_line</name>
         <load_address>0x16c</load_address>
         <run_address>0x16c</run_address>
         <size>0x48</size>
         <input_file_ref idref="fl-3"/>
      </object_component>
      <object_component id="oc-63e">
         <name>.debug_line</name>
         <load_address>0x1b4</load_address>
         <run_address>0x1b4</run_address>
         <size>0x33</size>
         <input_file_ref idref="fl-3"/>
      </object_component>
      <object_component id="oc-640">
         <name>.debug_line</name>
         <load_address>0x1e7</load_address>
         <run_address>0x1e7</run_address>
         <size>0x33</size>
         <input_file_ref idref="fl-3"/>
      </object_component>
      <object_component id="oc-642">
         <name>.debug_line</name>
         <load_address>0x21a</load_address>
         <run_address>0x21a</run_address>
         <size>0x33</size>
         <input_file_ref idref="fl-3"/>
      </object_component>
      <object_component id="oc-644">
         <name>.debug_line</name>
         <load_address>0x24d</load_address>
         <run_address>0x24d</run_address>
         <size>0x33</size>
         <input_file_ref idref="fl-3"/>
      </object_component>
      <object_component id="oc-646">
         <name>.debug_line</name>
         <load_address>0x280</load_address>
         <run_address>0x280</run_address>
         <size>0x33</size>
         <input_file_ref idref="fl-3"/>
      </object_component>
      <object_component id="oc-520">
         <name>.debug_line</name>
         <load_address>0x2b3</load_address>
         <run_address>0x2b3</run_address>
         <size>0x59</size>
         <input_file_ref idref="fl-3"/>
      </object_component>
      <object_component id="oc-526">
         <name>.debug_line</name>
         <load_address>0x30c</load_address>
         <run_address>0x30c</run_address>
         <size>0x8c</size>
         <input_file_ref idref="fl-3"/>
      </object_component>
      <object_component id="oc-52c">
         <name>.debug_line</name>
         <load_address>0x398</load_address>
         <run_address>0x398</run_address>
         <size>0x8d</size>
         <input_file_ref idref="fl-3"/>
      </object_component>
      <object_component id="oc-532">
         <name>.debug_line</name>
         <load_address>0x425</load_address>
         <run_address>0x425</run_address>
         <size>0x8d</size>
         <input_file_ref idref="fl-3"/>
      </object_component>
      <object_component id="oc-538">
         <name>.debug_line</name>
         <load_address>0x4b2</load_address>
         <run_address>0x4b2</run_address>
         <size>0x8d</size>
         <input_file_ref idref="fl-3"/>
      </object_component>
      <object_component id="oc-53e">
         <name>.debug_line</name>
         <load_address>0x53f</load_address>
         <run_address>0x53f</run_address>
         <size>0x8d</size>
         <input_file_ref idref="fl-3"/>
      </object_component>
      <object_component id="oc-563">
         <name>.debug_line</name>
         <load_address>0x5cc</load_address>
         <run_address>0x5cc</run_address>
         <size>0x68</size>
         <input_file_ref idref="fl-3"/>
      </object_component>
      <object_component id="oc-569">
         <name>.debug_line</name>
         <load_address>0x634</load_address>
         <run_address>0x634</run_address>
         <size>0x5b</size>
         <input_file_ref idref="fl-3"/>
      </object_component>
      <object_component id="oc-56f">
         <name>.debug_line</name>
         <load_address>0x68f</load_address>
         <run_address>0x68f</run_address>
         <size>0x5b</size>
         <input_file_ref idref="fl-3"/>
      </object_component>
      <object_component id="oc-544">
         <name>.debug_line</name>
         <load_address>0x6ea</load_address>
         <run_address>0x6ea</run_address>
         <size>0x51</size>
         <input_file_ref idref="fl-3"/>
      </object_component>
      <object_component id="oc-55d">
         <name>.debug_line</name>
         <load_address>0x73b</load_address>
         <run_address>0x73b</run_address>
         <size>0x54</size>
         <input_file_ref idref="fl-3"/>
      </object_component>
      <object_component id="oc-46c">
         <name>.debug_line</name>
         <load_address>0x78f</load_address>
         <run_address>0x78f</run_address>
         <size>0x20</size>
         <input_file_ref idref="fl-3"/>
      </object_component>
      <object_component id="oc-4d4">
         <name>.debug_line</name>
         <load_address>0x7af</load_address>
         <run_address>0x7af</run_address>
         <size>0xcd</size>
         <input_file_ref idref="fl-4"/>
      </object_component>
      <object_component id="oc-4cb">
         <name>.debug_line</name>
         <load_address>0x87c</load_address>
         <run_address>0x87c</run_address>
         <size>0x35</size>
         <input_file_ref idref="fl-4"/>
      </object_component>
      <object_component id="oc-593">
         <name>.debug_line</name>
         <load_address>0x8b1</load_address>
         <run_address>0x8b1</run_address>
         <size>0x49</size>
         <input_file_ref idref="fl-4"/>
      </object_component>
      <object_component id="oc-5d9">
         <name>.debug_line</name>
         <load_address>0x8fa</load_address>
         <run_address>0x8fa</run_address>
         <size>0x48</size>
         <input_file_ref idref="fl-4"/>
      </object_component>
      <object_component id="oc-5df">
         <name>.debug_line</name>
         <load_address>0x942</load_address>
         <run_address>0x942</run_address>
         <size>0x48</size>
         <input_file_ref idref="fl-4"/>
      </object_component>
      <object_component id="oc-587">
         <name>.debug_line</name>
         <load_address>0x98a</load_address>
         <run_address>0x98a</run_address>
         <size>0x51</size>
         <input_file_ref idref="fl-4"/>
      </object_component>
      <object_component id="oc-58d">
         <name>.debug_line</name>
         <load_address>0x9db</load_address>
         <run_address>0x9db</run_address>
         <size>0x56</size>
         <input_file_ref idref="fl-4"/>
      </object_component>
      <object_component id="oc-581">
         <name>.debug_line</name>
         <load_address>0xa31</load_address>
         <run_address>0xa31</run_address>
         <size>0x5f</size>
         <input_file_ref idref="fl-4"/>
      </object_component>
      <object_component id="oc-511">
         <name>.debug_line</name>
         <load_address>0xa90</load_address>
         <run_address>0xa90</run_address>
         <size>0x4f</size>
         <input_file_ref idref="fl-4"/>
      </object_component>
      <object_component id="oc-517">
         <name>.debug_line</name>
         <load_address>0xadf</load_address>
         <run_address>0xadf</run_address>
         <size>0x4d</size>
         <input_file_ref idref="fl-4"/>
      </object_component>
      <object_component id="oc-5d0">
         <name>.debug_line</name>
         <load_address>0xb2c</load_address>
         <run_address>0xb2c</run_address>
         <size>0x4c</size>
         <input_file_ref idref="fl-4"/>
      </object_component>
      <object_component id="oc-42a">
         <name>.debug_line</name>
         <load_address>0xb78</load_address>
         <run_address>0xb78</run_address>
         <size>0x77</size>
         <input_file_ref idref="fl-4"/>
      </object_component>
      <object_component id="oc-424">
         <name>.debug_line</name>
         <load_address>0xbef</load_address>
         <run_address>0xbef</run_address>
         <size>0x4d</size>
         <input_file_ref idref="fl-4"/>
      </object_component>
      <object_component id="oc-575">
         <name>.debug_line</name>
         <load_address>0xc3c</load_address>
         <run_address>0xc3c</run_address>
         <size>0x56</size>
         <input_file_ref idref="fl-5"/>
      </object_component>
      <object_component id="oc-655">
         <name>.debug_line</name>
         <load_address>0xc92</load_address>
         <run_address>0xc92</run_address>
         <size>0xcc</size>
         <input_file_ref idref="fl-6"/>
      </object_component>
      <object_component id="oc-64f">
         <name>.debug_line</name>
         <load_address>0xd5e</load_address>
         <run_address>0xd5e</run_address>
         <size>0x36</size>
         <input_file_ref idref="fl-6"/>
      </object_component>
      <object_component id="oc-599">
         <name>.debug_line</name>
         <load_address>0xd94</load_address>
         <run_address>0xd94</run_address>
         <size>0x53</size>
         <input_file_ref idref="fl-6"/>
      </object_component>
      <object_component id="oc-59f">
         <name>.debug_line</name>
         <load_address>0xde7</load_address>
         <run_address>0xde7</run_address>
         <size>0x56</size>
         <input_file_ref idref="fl-6"/>
      </object_component>
      <object_component id="oc-5be">
         <name>.debug_line</name>
         <load_address>0xe3d</load_address>
         <run_address>0xe3d</run_address>
         <size>0x49</size>
         <input_file_ref idref="fl-6"/>
      </object_component>
      <object_component id="oc-62c">
         <name>.debug_line</name>
         <load_address>0xe86</load_address>
         <run_address>0xe86</run_address>
         <size>0x4a</size>
         <input_file_ref idref="fl-6"/>
      </object_component>
      <object_component id="oc-632">
         <name>.debug_line</name>
         <load_address>0xed0</load_address>
         <run_address>0xed0</run_address>
         <size>0x4a</size>
         <input_file_ref idref="fl-6"/>
      </object_component>
      <object_component id="oc-5ca">
         <name>.debug_line</name>
         <load_address>0xf1a</load_address>
         <run_address>0xf1a</run_address>
         <size>0x4c</size>
         <input_file_ref idref="fl-6"/>
      </object_component>
      <object_component id="oc-5c4">
         <name>.debug_line</name>
         <load_address>0xf66</load_address>
         <run_address>0xf66</run_address>
         <size>0x4e</size>
         <input_file_ref idref="fl-6"/>
      </object_component>
      <object_component id="oc-64b">
         <name>.debug_line</name>
         <load_address>0xfb4</load_address>
         <run_address>0xfb4</run_address>
         <size>0xb7</size>
         <input_file_ref idref="fl-7"/>
      </object_component>
      <object_component id="oc-648">
         <name>.debug_line</name>
         <load_address>0x106b</load_address>
         <run_address>0x106b</run_address>
         <size>0x34</size>
         <input_file_ref idref="fl-7"/>
      </object_component>
      <object_component id="oc-550">
         <name>.debug_line</name>
         <load_address>0x109f</load_address>
         <run_address>0x109f</run_address>
         <size>0x76</size>
         <input_file_ref idref="fl-7"/>
      </object_component>
      <object_component id="oc-57b">
         <name>.debug_line</name>
         <load_address>0x1115</load_address>
         <run_address>0x1115</run_address>
         <size>0x73</size>
         <input_file_ref idref="fl-7"/>
      </object_component>
      <object_component id="oc-622">
         <name>.debug_line</name>
         <load_address>0x1188</load_address>
         <run_address>0x1188</run_address>
         <size>0xa3</size>
         <input_file_ref idref="fl-7"/>
      </object_component>
      <object_component id="oc-557">
         <name>.debug_line</name>
         <load_address>0x122b</load_address>
         <run_address>0x122b</run_address>
         <size>0x8e</size>
         <input_file_ref idref="fl-7"/>
      </object_component>
      <object_component id="oc-4d6">
         <name>.debug_line</name>
         <load_address>0x12b9</load_address>
         <run_address>0x12b9</run_address>
         <size>0x117</size>
         <input_file_ref idref="fl-8"/>
      </object_component>
      <object_component id="oc-5b9">
         <name>.debug_line</name>
         <load_address>0x13d0</load_address>
         <run_address>0x13d0</run_address>
         <size>0x36</size>
         <input_file_ref idref="fl-8"/>
      </object_component>
      <object_component id="oc-50c">
         <name>.debug_line</name>
         <load_address>0x1406</load_address>
         <run_address>0x1406</run_address>
         <size>0x33</size>
         <input_file_ref idref="fl-8"/>
      </object_component>
      <object_component id="oc-5a3">
         <name>.debug_line</name>
         <load_address>0x1439</load_address>
         <run_address>0x1439</run_address>
         <size>0x2d</size>
         <input_file_ref idref="fl-8"/>
      </object_component>
      <object_component id="oc-457">
         <name>.debug_line</name>
         <load_address>0x1466</load_address>
         <run_address>0x1466</run_address>
         <size>0x4d</size>
         <input_file_ref idref="fl-8"/>
      </object_component>
      <object_component id="oc-4c1">
         <name>.debug_line</name>
         <load_address>0x14b3</load_address>
         <run_address>0x14b3</run_address>
         <size>0xa6</size>
         <input_file_ref idref="fl-8"/>
      </object_component>
      <object_component id="oc-4da">
         <name>.debug_line</name>
         <load_address>0x1559</load_address>
         <run_address>0x1559</run_address>
         <size>0x2d</size>
         <input_file_ref idref="fl-8"/>
      </object_component>
      <object_component id="oc-476">
         <name>.debug_line</name>
         <load_address>0x1586</load_address>
         <run_address>0x1586</run_address>
         <size>0xa5</size>
         <input_file_ref idref="fl-29"/>
      </object_component>
      <object_component id="oc-77">
         <name>.debug_line</name>
         <load_address>0x162b</load_address>
         <run_address>0x162b</run_address>
         <size>0x50</size>
         <input_file_ref idref="fl-29"/>
      </object_component>
      <object_component id="oc-40b">
         <name>.debug_line</name>
         <load_address>0x167b</load_address>
         <run_address>0x167b</run_address>
         <size>0x3a</size>
         <input_file_ref idref="fl-29"/>
      </object_component>
      <object_component id="oc-47a">
         <name>.debug_line</name>
         <load_address>0x16b5</load_address>
         <run_address>0x16b5</run_address>
         <size>0xa5</size>
         <input_file_ref idref="fl-29"/>
      </object_component>
      <object_component id="oc-47e">
         <name>.debug_line</name>
         <load_address>0x175a</load_address>
         <run_address>0x175a</run_address>
         <size>0x20</size>
         <input_file_ref idref="fl-2a"/>
      </object_component>
      <object_component id="oc-412">
         <name>.debug_line</name>
         <load_address>0x177a</load_address>
         <run_address>0x177a</run_address>
         <size>0x8b</size>
         <input_file_ref idref="fl-2a"/>
      </object_component>
      <object_component id="oc-7f">
         <name>.debug_line</name>
         <load_address>0x1805</load_address>
         <run_address>0x1805</run_address>
         <size>0x49</size>
[...]
         <name>fram_rw_start</name>
         <value>0x4400</value>
      </symbol>
      <symbol id="sm-31f">
         <name>fram_ipe_start</name>
         <value>0xe400</value>
      </symbol>
      <symbol id="sm-320">
         <name>fram_ipe_end</name>
         <value>0xe400</value>
      </symbol>
      <symbol id="sm-321">
         <name>fram_rx_start</name>
         <value>0xe400</value>
      </symbol>
      <symbol id="sm-322">
         <name>__TI_CINIT_Base</name>
         <value>0xeebc</value>
      </symbol>
      <symbol id="sm-323">
         <name>__TI_CINIT_Limit</name>
         <value>0xeecc</value>
      </symbol>
      <symbol id="sm-324">
         <name>__TI_Handler_Table_Base</name>
         <value>0xeeb4</value>
      </symbol>
      <symbol id="sm-325">
         <name>__TI_Handler_Table_Limit</name>
         <value>0xeebc</value>
      </symbol>
      <symbol id="sm-326">
         <name>__STACK_SIZE</name>
         <value>0xa0</value>
      </symbol>
      <symbol id="sm-327">
         <name>__STACK_END</name>
         <value>0x2400</value>
      </symbol>
      <symbol id="sm-328">
         <name>__c_args__</name>
         <value>0xffffffff</value>
      </symbol>
      <symbol id="sm-329">
         <name>__TI_pprof_out_hndl</name>
         <value>0xffffffff</value>
      </symbol>
      <symbol id="sm-32a">
         <name>__TI_prof_data_start</name>
         <value>0xffffffff</value>
      </symbol>
      <symbol id="sm-32b">
         <name>__TI_prof_data_size</name>
         <value>0xffffffff</value>
      </symbol>
      <symbol id="sm-46a">
         <name>timerDataCant1</name>
         <value>0xeb08</value>
      </symbol>
      <symbol id="sm-46b">
         <name>timerDataCant2</name>
         <value>0xeb80</value>
      </symbol>
      <symbol id="sm-46c">
         <name>timerDataCant3</name>
         <value>0xebf8</value>
      </symbol>
      <symbol id="sm-46d">
         <name>timerDataCant4</name>
         <value>0xec70</value>
      </symbol>
      <symbol id="sm-46e">
         <name>timerDataCant5</name>
         <value>0xece8</value>
      </symbol>
      <symbol id="sm-46f">
         <name>periodDataCant1</name>
         <value>0xe8b0</value>
      </symbol>
      <symbol id="sm-470">
         <name>periodDataCant2</name>
         <value>0xe928</value>
      </symbol>
      <symbol id="sm-471">
         <name>periodDataCant3</name>
         <value>0xe9a0</value>
      </symbol>
      <symbol id="sm-472">
         <name>periodDataCant4</name>
         <value>0xea18</value>
      </symbol>
      <symbol id="sm-473">
         <name>periodDataCant5</name>
         <value>0xea90</value>
      </symbol>
      <symbol id="sm-474">
         <name>deltaPeriodCant1</name>
         <value>0xe400</value>
      </symbol>
      <symbol id="sm-475">
         <name>deltaPeriodCant2</name>
         <value>0xe478</value>
      </symbol>
      <symbol id="sm-476">
         <name>deltaPeriodCant3</name>
         <value>0xe4f0</value>
      </symbol>
      <symbol id="sm-477">
         <name>deltaPeriodCant4</name>
         <value>0xe568</value>
      </symbol>
      <symbol id="sm-478">
         <name>deltaPeriodCant5</name>
         <value>0xe5e0</value>
      </symbol>
      <symbol id="sm-479">
         <name>filteredDataCant1</name>
         <value>0xe658</value>
      </symbol>
      <symbol id="sm-47a">
         <name>filteredDataCant2</name>
         <value>0xe6d0</value>
      </symbol>
      <symbol id="sm-47b">
         <name>filteredDataCant3</name>
         <value>0xe748</value>
      </symbol>
      <symbol id="sm-47c">
         <name>filteredDataCant4</name>
         <value>0xe7c0</value>
      </symbol>
      <symbol id="sm-47d">
         <name>filteredDataCant5</name>
         <value>0xe838</value>
      </symbol>
      <symbol id="sm-47e">
         <name>i</name>
         <value>0xed87</value>
      </symbol>
      <symbol id="sm-47f">
         <name>processPeriodDataCant2</name>
         <value>0x1025c</value>
         <object_component_ref idref="oc-528"/>
      </symbol>
      <symbol id="sm-480">
         <name>processPeriodDataCant3</name>
         <value>0x1038a</value>
         <object_component_ref idref="oc-52e"/>
      </symbol>
      <symbol id="sm-481">
         <name>processPeriodDataCant1</name>
         <value>0x1012e</value>
         <object_component_ref idref="oc-522"/>
      </symbol>
      <symbol id="sm-482">
         <name>processPeriodDataCant4</name>
         <value>0x104b8</value>
         <object_component_ref idref="oc-534"/>
      </symbol>
      <symbol id="sm-483">
         <name>processPeriodDataCant5</name>
         <value>0x105e6</value>
         <object_component_ref idref="oc-53a"/>
      </symbol>
      <symbol id="sm-484">
         <name>findMedianCant5</name>
         <value>0x10b26</value>
         <object_component_ref idref="oc-55f"/>
      </symbol>
      <symbol id="sm-485">
         <name>medianFilter</name>
         <value>0x10d26</value>
         <object_component_ref idref="oc-565"/>
      </symbol>
      <symbol id="sm-486">
         <name>readFRAMCantileverData</name>
         <value>0x10f7a</value>
         <object_component_ref idref="oc-540"/>
      </symbol>
      <symbol id="sm-487">
         <name>zeroOutFRAMCantileverData1</name>
         <value>0x10f3e</value>
         <object_component_ref idref="oc-559"/>
      </symbol>
      <symbol id="sm-488">
         <name>collectData</name>
         <value>0x10aa4</value>
         <object_component_ref idref="oc-51c"/>
      </symbol>
      <symbol id="sm-489">
         <name>averageData</name>
         <value>0x10eca</value>
         <object_component_ref idref="oc-56b"/>
      </symbol>
      <symbol id="sm-4ef">
         <name>initCapturePins</name>
         <value>0x10c6e</value>
         <object_component_ref idref="oc-589"/>
      </symbol>
      <symbol id="sm-4f0">
         <name>initialize_ADC12</name>
         <value>0x10cca</value>
         <object_component_ref idref="oc-57d"/>
      </symbol>
      <symbol id="sm-4f1">
         <name>stopTimer</name>
         <value>0x11040</value>
         <object_component_ref idref="oc-5db"/>
      </symbol>
      <symbol id="sm-4f2">
         <name>__TI_int46</name>
         <value>0xffec</value>
         <object_component_ref idref="oc-91"/>
      </symbol>
      <symbol id="sm-4f3">
         <name>__TI_int50</name>
         <value>0xfff4</value>
         <object_component_ref idref="oc-95"/>
      </symbol>
      <symbol id="sm-4f4">
         <name>ADC12_ISR</name>
         <value>0xee7c</value>
         <object_component_ref idref="oc-420"/>
      </symbol>
      <symbol id="sm-4f5">
         <name>startADC12</name>
         <value>0x10fe8</value>
         <object_component_ref idref="oc-513"/>
      </symbol>
      <symbol id="sm-4f6">
         <name>TB0_ISR</name>
         <value>0xed8e</value>
         <object_component_ref idref="oc-426"/>
      </symbol>
      <symbol id="sm-4f7">
         <name>initCaptureTimer</name>
         <value>0x10ff6</value>
         <object_component_ref idref="oc-58f"/>
      </symbol>
      <symbol id="sm-4f8">
         <name>startTimer</name>
         <value>0x11038</value>
         <object_component_ref idref="oc-5d5"/>
      </symbol>
      <symbol id="sm-4f9">
         <name>initCaptureRegisters</name>
         <value>0x10e96</value>
         <object_component_ref idref="oc-583"/>
      </symbol>
      <symbol id="sm-4fa">
         <name>resetCantileverDataCounters</name>
         <value>0x10fac</value>
         <object_component_ref idref="oc-50d"/>
      </symbol>
      <symbol id="sm-4fb">
         <name>stopADC12</name>
         <value>0x11026</value>
         <object_component_ref idref="oc-5cc"/>
      </symbol>
      <symbol id="sm-505">
         <name>initialize__Clocks_MPS430FR5969</name>
         <value>0x10e5a</value>
         <object_component_ref idref="oc-571"/>
      </symbol>
      <symbol id="sm-548">
         <name>motorOpen</name>
         <value>0x10f60</value>
         <object_component_ref idref="oc-5c0"/>
      </symbol>
      <symbol id="sm-549">
         <name>setMotorDirection</name>
         <value>0x10f1c</value>
         <object_component_ref idref="oc-59b"/>
      </symbol>
      <symbol id="sm-54a">
         <name>motorBrake</name>
         <value>0x11002</value>
         <object_component_ref idref="oc-5c6"/>
      </symbol>
      <symbol id="sm-54b">
         <name>setMotorAmplitude</name>
         <value>0x11030</value>
         <object_component_ref idref="oc-5ba"/>
      </symbol>
      <symbol id="sm-54c">
         <name>motorForward</name>
         <value>0x1100e</value>
         <object_component_ref idref="oc-628"/>
      </symbol>
      <symbol id="sm-54d">
         <name>init_Hbridge</name>
         <value>0x10dda</value>
         <object_component_ref idref="oc-595"/>
      </symbol>
      <symbol id="sm-54e">
         <name>motorReverse</name>
         <value>0x1101a</value>
         <object_component_ref idref="oc-62e"/>
      </symbol>
      <symbol id="sm-5a8">
         <name>x</name>
         <value>0xee98</value>
         <object_component_ref idref="oc-604"/>
      </symbol>
      <symbol id="sm-5a9">
         <name>write_uint32_SPI</name>
         <value>0x1080e</value>
         <object_component_ref idref="oc-553"/>
      </symbol>
      <symbol id="sm-5aa">
         <name>write_uint8_SPI</name>
         <value>0x10996</value>
         <object_component_ref idref="oc-577"/>
      </symbol>
      <symbol id="sm-5ab">
         <name>init_SPI</name>
         <value>0x108d4</value>
         <object_component_ref idref="oc-54c"/>
      </symbol>
      <symbol id="sm-5ac">
         <name>write_uint16_SPI</name>
         <value>0x10714</value>
         <object_component_ref idref="oc-61e"/>
      </symbol>
      <symbol id="sm-5e0">
         <name>cantResonantPeriod5</name>
         <value>0xed88</value>
      </symbol>
      <symbol id="sm-5e1">
         <name>finalData</name>
         <value>0xed60</value>
      </symbol>
      <symbol id="sm-5e2">
         <name>PolySci_State</name>
         <value>0xed8c</value>
      </symbol>
      <symbol id="sm-5e3">
         <name>maxMotorVal</name>
         <value>0xee96</value>
         <object_component_ref idref="oc-4c3"/>
      </symbol>
      <symbol id="sm-5e4">
         <name>FINISHED</name>
         <value>0xee94</value>
         <object_component_ref idref="oc-4c3"/>
      </symbol>
      <symbol id="sm-5e5">
         <name>main</name>
         <value>0x10efa</value>
         <object_component_ref idref="oc-453"/>
      </symbol>
      <symbol id="sm-5e6">
         <name>ExecuteStateMachine</name>
         <value>0x10000</value>
         <object_component_ref idref="oc-4bd"/>
      </symbol>
      <symbol id="sm-5e7">
         <name>zero_16</name>
         <value>0xee92</value>
         <object_component_ref idref="oc-4c3"/>
      </symbol>
      <symbol id="sm-5fd">
         <name>__TI_decompress_none</name>
         <value>0x10fd6</value>
         <object_component_ref idref="oc-75"/>
      </symbol>
      <symbol id="sm-61f">
         <name>__TI_decompress_rle24</name>
         <value>0x1104e</value>
         <object_component_ref idref="oc-7b"/>
      </symbol>
      <symbol id="sm-622">
         <name>__TI_int30</name>
         <value>0xffcc</value>
         <object_component_ref idref="oc-81"/>
      </symbol>
      <symbol id="sm-62a">
         <name>__TI_ISR_TRAP</name>
         <value>0xee8a</value>
         <object_component_ref idref="oc-41b"/>
      </symbol>
      <symbol id="sm-62d">
         <name>__TI_int31</name>
         <value>0xffce</value>
         <object_component_ref idref="oc-82"/>
      </symbol>
      <symbol id="sm-630">
         <name>__TI_int32</name>
         <value>0xffd0</value>
         <object_component_ref idref="oc-83"/>
      </symbol>
      <symbol id="sm-633">
         <name>__TI_int33</name>
         <value>0xffd2</value>
         <object_component_ref idref="oc-84"/>
      </symbol>
      <symbol id="sm-636">
         <name>__TI_int34</name>
         <value>0xffd4</value>
         <object_component_ref idref="oc-85"/>
      </symbol>
      <symbol id="sm-639">
         <name>__TI_int35</name>
         <value>0xffd6</value>
         <object_component_ref idref="oc-86"/>
      </symbol>
      <symbol id="sm-63c">
         <name>__TI_int36</name>
         <value>0xffd8</value>
         <object_component_ref idref="oc-87"/>
      </symbol>
      <symbol id="sm-63f">
         <name>__TI_int37</name>
         <value>0xffda</value>
         <object_component_ref idref="oc-88"/>
      </symbol>
      <symbol id="sm-642">
         <name>__TI_int38</name>
         <value>0xffdc</value>
         <object_component_ref idref="oc-89"/>
      </symbol>
      <symbol id="sm-645">
         <name>__TI_int39</name>
         <value>0xffde</value>
         <object_component_ref idref="oc-8a"/>
      </symbol>
      <symbol id="sm-648">
         <name>__TI_int40</name>
         <value>0xffe0</value>
         <object_component_ref idref="oc-8b"/>
      </symbol>
      <symbol id="sm-64b">
         <name>__TI_int41</name>
         <value>0xffe2</value>
         <object_component_ref idref="oc-8c"/>
      </symbol>
      <symbol id="sm-64e">
         <name>__TI_int42</name>
         <value>0xffe4</value>
         <object_component_ref idref="oc-8d"/>
      </symbol>
      <symbol id="sm-651">
         <name>__TI_int43</name>
         <value>0xffe6</value>
         <object_component_ref idref="oc-8e"/>
      </symbol>
      <symbol id="sm-654">
         <name>__TI_int44</name>
         <value>0xffe8</value>
         <object_component_ref idref="oc-8f"/>
      </symbol>
      <symbol id="sm-657">
         <name>__TI_int45</name>
         <value>0xffea</value>
         <object_component_ref idref="oc-90"/>
      </symbol>
      <symbol id="sm-65a">
         <name>__TI_int47</name>
         <value>0xffee</value>
         <object_component_ref idref="oc-92"/>
      </symbol>
      <symbol id="sm-65d">
         <name>__TI_int48</name>
         <value>0xfff0</value>
         <object_component_ref idref="oc-93"/>
      </symbol>
      <symbol id="sm-660">
         <name>__TI_int49</name>
         <value>0xfff2</value>
         <object_component_ref idref="oc-94"/>
      </symbol>
      <symbol id="sm-663">
         <name>__TI_int51</name>
         <value>0xfff6</value>
         <object_component_ref idref="oc-96"/>
      </symbol>
      <symbol id="sm-666">
         <name>__TI_int52</name>
         <value>0xfff8</value>
         <object_component_ref idref="oc-97"/>
      </symbol>
      <symbol id="sm-669">
         <name>__TI_int53</name>
         <value>0xfffa</value>
         <object_component_ref idref="oc-98"/>
      </symbol>
      <symbol id="sm-66c">
         <name>__TI_int54</name>
         <value>0xfffc</value>
         <object_component_ref idref="oc-99"/>
      </symbol>
      <symbol id="sm-67b">
         <name>__mspabi_remul</name>
         <value>0x10d82</value>
         <object_component_ref idref="oc-612"/>
      </symbol>
      <symbol id="sm-67c">
         <name>__mspabi_divul</name>
         <value>0x10d82</value>
         <object_component_ref idref="oc-612"/>
      </symbol>
      <symbol id="sm-684">
         <name>__mspabi_mpyi_f5hw</name>
         <value>0x10f94</value>
         <object_component_ref idref="oc-4dc"/>
      </symbol>
      <symbol id="sm-690">
         <name>__mspabi_srll_8</name>
         <value>0x10e38</value>
         <object_component_ref idref="oc-607"/>
      </symbol>
      <symbol id="sm-691">
         <name>__mspabi_srll_9</name>
         <value>0x10e34</value>
         <object_component_ref idref="oc-607"/>
      </symbol>
      <symbol id="sm-692">
         <name>__mspabi_srll_6</name>
         <value>0x10e40</value>
         <object_component_ref idref="oc-607"/>
      </symbol>
      <symbol id="sm-693">
         <name>__mspabi_srll_7</name>
         <value>0x10e3c</value>
         <object_component_ref idref="oc-607"/>
      </symbol>
      <symbol id="sm-694">
         <name>__mspabi_srll_4</name>
         <value>0x10e48</value>
         <object_component_ref idref="oc-607"/>
      </symbol>
      <symbol id="sm-695">
         <name>__mspabi_srll_5</name>
         <value>0x10e44</value>
         <object_component_ref idref="oc-607"/>
      </symbol>
      <symbol id="sm-696">
         <name>__mspabi_srll_2</name>
         <value>0x10e50</value>
         <object_component_ref idref="oc-607"/>
      </symbol>
      <symbol id="sm-697">
         <name>__mspabi_srll_3</name>
         <value>0x10e4c</value>
         <object_component_ref idref="oc-607"/>
      </symbol>
      <symbol id="sm-698">
         <name>__mspabi_srll_1</name>
         <value>0x10e54</value>
         <object_component_ref idref="oc-607"/>
      </symbol>
      <symbol id="sm-699">
         <name>__mspabi_srll_15</name>
         <value>0x10e1c</value>
         <object_component_ref idref="oc-607"/>
      </symbol>
      <symbol id="sm-69a">
         <name>__mspabi_srll_14</name>
         <value>0x10e20</value>
         <object_component_ref idref="oc-607"/>
      </symbol>
      <symbol id="sm-69b">
         <name>__mspabi_srll_13</name>
         <value>0x10e24</value>
         <object_component_ref idref="oc-607"/>
      </symbol>
      <symbol id="sm-69c">
         <name>__mspabi_srll_12</name>
         <value>0x10e28</value>
         <object_component_ref idref="oc-607"/>
      </symbol>
      <symbol id="sm-69d">
         <name>__mspabi_srll_11</name>
         <value>0x10e2c</value>
         <object_component_ref idref="oc-607"/>
      </symbol>
      <symbol id="sm-69e">
         <name>__mspabi_srll_10</name>
         <value>0x10e30</value>
         <object_component_ref idref="oc-607"/>
      </symbol>
      <symbol id="sm-6a6">
         <name>_stack</name>
         <value>0x2360</value>
         <object_component_ref idref="oc-3fd"/>
      </symbol>
      <symbol id="sm-6a7">
         <name>_reset_vector</name>
         <value>0xfffe</value>
         <object_component_ref idref="oc-400"/>
      </symbol>
      <symbol id="sm-6ca">
         <name>_auto_init_hold_wdt</name>
         <value>0x10a22</value>
         <object_component_ref idref="oc-439"/>
      </symbol>
      <symbol id="sm-6d4">
         <name>_c_int00_noargs_noexit</name>
         <value>0xee62</value>
         <object_component_ref idref="oc-b8"/>
      </symbol>
      <symbol id="sm-6de">
         <name>_system_post_cinit</name>
         <value>0x11058</value>
         <object_component_ref idref="oc-498"/>
      </symbol>
      <symbol id="sm-6e7">
         <name>_system_pre_init</name>
         <value>0x11054</value>
         <object_component_ref idref="oc-433"/>
      </symbol>
      <symbol id="sm-6f1">
         <name>C$$EXIT</name>
         <value>0x11048</value>
         <object_component_ref idref="oc-45b"/>
      </symbol>
      <symbol id="sm-6f2">
         <name>abort</name>
         <value>0x11048</value>
         <object_component_ref idref="oc-45b"/>
      </symbol>
      <symbol id="sm-70f">
         <name>copy_in</name>
         <value>0x10c08</value>
         <object_component_ref idref="oc-492"/>
      </symbol>
      <symbol id="sm-71e">
         <name>memcpy</name>
         <value>0x10fc2</value>
         <object_component_ref idref="oc-401"/>
      </symbol>
      <symbol id="sm-723">
         <name>__TI_BINIT_Base</name>
         <value>0x0</value>
      </symbol>
      <symbol id="sm-724">
         <name>__TI_BINIT_Limit</name>
         <value>0x0</value>
      </symbol>
      <symbol id="sm-725">
         <name>__TI_INITARRAY_Base</name>
         <value>0x0</value>
      </symbol>
      <symbol id="sm-726">
         <name>__TI_INITARRAY_Limit</name>
         <value>0x0</value>
      </symbol>
   </symbol_table>
   <title>Link successful</title>
</link_info>
