<?xml version="1.0"?>
<link_info>
   <banner>MSP430 Linker PC v15.12.1.LTS</banner>
   <copyright>Copyright (c) 2003-2015 Texas Instruments Incorporated</copyright>
   <link_time>0x57fab733</link_time>
   <link_errors>0x0</link_errors>
   <output_file>Poly Board Main.out</output_file>
   <entry_point>
      <name>_c_int00_noargs_noexit</name>
      <address>0xf1da</address>
   </entry_point>
   <input_file_list>
      <input_file id="fl-2">
         <path>.\</path>
         <kind>object</kind>
         <file>Circular_Buffer.obj</file>
         <name>Circular_Buffer.obj</name>
      </input_file>
      <input_file id="fl-3">
         <path>.\</path>
         <kind>object</kind>
         <file>Collect_Data.obj</file>
         <name>Collect_Data.obj</name>
      </input_file>
      <input_file id="fl-4">
         <path>.\</path>
         <kind>object</kind>
         <file>Freq_Capture.obj</file>
         <name>Freq_Capture.obj</name>
      </input_file>
      <input_file id="fl-5">
         <path>.\</path>
         <kind>object</kind>
         <file>Initialize.obj</file>
         <name>Initialize.obj</name>
      </input_file>
      <input_file id="fl-6">
         <path>.\</path>
         <kind>object</kind>
         <file>Motor_Control.obj</file>
         <name>Motor_Control.obj</name>
      </input_file>
      <input_file id="fl-7">
         <path>.\</path>
         <kind>object</kind>
         <file>Process_Data.obj</file>
         <name>Process_Data.obj</name>
      </input_file>
      <input_file id="fl-8">
         <path>.\</path>
         <kind>object</kind>
         <file>SPI_Polling.obj</file>
         <name>SPI_Polling.obj</name>
      </input_file>
      <input_file id="fl-9">
         <path>.\</path>
         <kind>object</kind>
         <file>main.obj</file>
         <name>main.obj</name>
      </input_file>
      <input_file id="fl-2a">
         <path>C:\ti\ccsv6\tools\compiler\ti-cgt-msp430_15.12.1.LTS\lib\</path>
         <kind>archive</kind>
         <file>rts430x_lc_rd_eabi.lib</file>
         <name>copy_decompress_none.obj</name>
      </input_file>
      <input_file id="fl-2b">
         <path>C:\ti\ccsv6\tools\compiler\ti-cgt-msp430_15.12.1.LTS\lib\</path>
         <kind>archive</kind>
         <file>rts430x_lc_rd_eabi.lib</file>
         <name>copy_decompress_rle.obj</name>
      </input_file>
      <input_file id="fl-2c">
         <path>C:\ti\ccsv6\tools\compiler\ti-cgt-msp430_15.12.1.LTS\lib\</path>
         <kind>archive</kind>
         <file>rts430x_lc_rd_eabi.lib</file>
         <name>int30.obj</name>
      </input_file>
      <input_file id="fl-2d">
         <path>C:\ti\ccsv6\tools\compiler\ti-cgt-msp430_15.12.1.LTS\lib\</path>
         <kind>archive</kind>
         <file>rts430x_lc_rd_eabi.lib</file>
         <name>isr_trap.obj</name>
      </input_file>
      <input_file id="fl-2e">
         <path>C:\ti\ccsv6\tools\compiler\ti-cgt-msp430_15.12.1.LTS\lib\</path>
         <kind>archive</kind>
         <file>rts430x_lc_rd_eabi.lib</file>
         <name>int31.obj</name>
      </input_file>
      <input_file id="fl-2f">
         <path>C:\ti\ccsv6\tools\compiler\ti-cgt-msp430_15.12.1.LTS\lib\</path>
         <kind>archive</kind>
         <file>rts430x_lc_rd_eabi.lib</file>
         <name>int32.obj</name>
      </input_file>
      <input_file id="fl-30">
         <path>C:\ti\ccsv6\tools\compiler\ti-cgt-msp430_15.12.1.LTS\lib\</path>
         <kind>archive</kind>
         <file>rts430x_lc_rd_eabi.lib</file>
         <name>int33.obj</name>
      </input_file>
      <input_file id="fl-31">
         <path>C:\ti\ccsv6\tools\compiler\ti-cgt-msp430_15.12.1.LTS\lib\</path>
         <kind>archive</kind>
         <file>rts430x_lc_rd_eabi.lib</file>
         <name>int34.obj</name>
      </input_file>
      <input_file id="fl-32">
         <path>C:\ti\ccsv6\tools\compiler\ti-cgt-msp430_15.12.1.LTS\lib\</path>
         <kind>archive</kind>
         <file>rts430x_lc_rd_eabi.lib</file>
         <name>int35.obj</name>
      </input_file>
      <input_file id="fl-33">
         <path>C:\ti\ccsv6\tools\compiler\ti-cgt-msp430_15.12.1.LTS\lib\</path>
         <kind>archive</kind>
         <file>rts430x_lc_rd_eabi.lib</file>
         <name>int36.obj</name>
      </input_file>
      <input_file id="fl-34">
         <path>C:\ti\ccsv6\tools\compiler\ti-cgt-msp430_15.12.1.LTS\lib\</path>
         <kind>archive</kind>
         <file>rts430x_lc_rd_eabi.lib</file>
         <name>int37.obj</name>
      </input_file>
      <input_file id="fl-35">
         <path>C:\ti\ccsv6\tools\compiler\ti-cgt-msp430_15.12.1.LTS\lib\</path>
         <kind>archive</kind>
         <file>rts430x_lc_rd_eabi.lib</file>
         <name>int38.obj</name>
      </input_file>
      <input_file id="fl-36">
         <path>C:\ti\ccsv6\tools\compiler\ti-cgt-msp430_15.12.1.LTS\lib\</path>
         <kind>archive</kind>
         <file>rts430x_lc_rd_eabi.lib</file>
         <name>int39.obj</name>
      </input_file>
      <input_file id="fl-37">
         <path>C:\ti\ccsv6\tools\compiler\ti-cgt-msp430_15.12.1.LTS\lib\</path>
         <kind>archive</kind>
         <file>rts430x_lc_rd_eabi.lib</file>
         <name>int40.obj</name>
      </input_file>
      <input_file id="fl-38">
         <path>C:\ti\ccsv6\tools\compiler\ti-cgt-msp430_15.12.1.LTS\lib\</path>
         <kind>archive</kind>
         <file>rts430x_lc_rd_eabi.lib</file>
         <name>int41.obj</name>
      </input_file>
      <input_file id="fl-39">
         <path>C:\ti\ccsv6\tools\compiler\ti-cgt-msp430_15.12.1.LTS\lib\</path>
         <kind>archive</kind>
         <file>rts430x_lc_rd_eabi.lib</file>
         <name>int42.obj</name>
      </input_file>
      <input_file id="fl-3a">
         <path>C:\ti\ccsv6\tools\compiler\ti-cgt-msp430_15.12.1.LTS\lib\</path>
         <kind>archive</kind>
         <file>rts430x_lc_rd_eabi.lib</file>
         <name>int43.obj</name>
      </input_file>
      <input_file id="fl-3b">
         <path>C:\ti\ccsv6\tools\compiler\ti-cgt-msp430_15.12.1.LTS\lib\</path>
         <kind>archive</kind>
         <file>rts430x_lc_rd_eabi.lib</file>
         <name>int44.obj</name>
      </input_file>
      <input_file id="fl-3c">
         <path>C:\ti\ccsv6\tools\compiler\ti-cgt-msp430_15.12.1.LTS\lib\</path>
         <kind>archive</kind>
         <file>rts430x_lc_rd_eabi.lib</file>
         <name>int45.obj</name>
      </input_file>
      <input_file id="fl-3d">
         <path>C:\ti\ccsv6\tools\compiler\ti-cgt-msp430_15.12.1.LTS\lib\</path>
         <kind>archive</kind>
         <file>rts430x_lc_rd_eabi.lib</file>
         <name>int47.obj</name>
      </input_file>
      <input_file id="fl-3e">
         <path>C:\ti\ccsv6\tools\compiler\ti-cgt-msp430_15.12.1.LTS\lib\</path>
         <kind>archive</kind>
         <file>rts430x_lc_rd_eabi.lib</file>
         <name>int48.obj</name>
      </input_file>
      <input_file id="fl-3f">
         <path>C:\ti\ccsv6\tools\compiler\ti-cgt-msp430_15.12.1.LTS\lib\</path>
         <kind>archive</kind>
         <file>rts430x_lc_rd_eabi.lib</file>
         <name>int49.obj</name>
      </input_file>
      <input_file id="fl-40">
         <path>C:\ti\ccsv6\tools\compiler\ti-cgt-msp430_15.12.1.LTS\lib\</path>
         <kind>archive</kind>
         <file>rts430x_lc_rd_eabi.lib</file>
         <name>int51.obj</name>
      </input_file>
      <input_file id="fl-41">
         <path>C:\ti\ccsv6\tools\compiler\ti-cgt-msp430_15.12.1.LTS\lib\</path>
         <kind>archive</kind>
         <file>rts430x_lc_rd_eabi.lib</file>
         <name>int52.obj</name>
      </input_file>
      <input_file id="fl-42">
         <path>C:\ti\ccsv6\tools\compiler\ti-cgt-msp430_15.12.1.LTS\lib\</path>
         <kind>archive</kind>
         <file>rts430x_lc_rd_eabi.lib</file>
         <name>int53.obj</name>
      </input_file>
      <input_file id="fl-43">
         <path>C:\ti\ccsv6\tools\compiler\ti-cgt-msp430_15.12.1.LTS\lib\</path>
         <kind>archive</kind>
         <file>rts430x_lc_rd_eabi.lib</file>
         <name>int54.obj</name>
      </input_file>
      <input_file id="fl-44">
         <path>C:\ti\ccsv6\tools\compiler\ti-cgt-msp430_15.12.1.LTS\lib\</path>
         <kind>archive</kind>
         <file>rts430x_lc_rd_eabi.lib</file>
         <name>copy_zero_init.obj</name>
      </input_file>
      <input_file id="fl-45">
         <path>C:\ti\ccsv6\tools\compiler\ti-cgt-msp430_15.12.1.LTS\lib\</path>
         <kind>archive</kind>
         <file>rts430x_lc_rd_eabi.lib</file>
         <name>div32u.obj</name>
      </input_file>
      <input_file id="fl-46">
         <path>C:\ti\ccsv6\tools\compiler\ti-cgt-msp430_15.12.1.LTS\lib\</path>
         <kind>archive</kind>
         <file>rts430x_lc_rd_eabi.lib</file>
         <name>mult16_f5hw.obj</name>
      </input_file>
      <input_file id="fl-47">
         <path>C:\ti\ccsv6\tools\compiler\ti-cgt-msp430_15.12.1.LTS\lib\</path>
         <kind>archive</kind>
         <file>rts430x_lc_rd_eabi.lib</file>
         <name>mult32_f5hw.obj</name>
      </input_file>
      <input_file id="fl-48">
         <path>C:\ti\ccsv6\tools\compiler\ti-cgt-msp430_15.12.1.LTS\lib\</path>
         <kind>archive</kind>
         <file>rts430x_lc_rd_eabi.lib</file>
         <name>mult64_f5hw.obj</name>
      </input_file>
      <input_file id="fl-49">
         <path>C:\ti\ccsv6\tools\compiler\ti-cgt-msp430_15.12.1.LTS\lib\</path>
         <kind>archive</kind>
         <file>rts430x_lc_rd_eabi.lib</file>
         <name>mult1632_f5hw.obj</name>
      </input_file>
      <input_file id="fl-4a">
         <path>C:\ti\ccsv6\tools\compiler\ti-cgt-msp430_15.12.1.LTS\lib\</path>
         <kind>archive</kind>
         <file>rts430x_lc_rd_eabi.lib</file>
         <name>mult3264_f5hw.obj</name>
      </input_file>
      <input_file id="fl-4b">
         <path>C:\ti\ccsv6\tools\compiler\ti-cgt-msp430_15.12.1.LTS\lib\</path>
         <kind>archive</kind>
         <file>rts430x_lc_rd_eabi.lib</file>
         <name>lsr32.obj</name>
      </input_file>
      <input_file id="fl-4c">
         <path>C:\ti\ccsv6\tools\compiler\ti-cgt-msp430_15.12.1.LTS\lib\</path>
         <kind>archive</kind>
         <file>rts430x_lc_rd_eabi.lib</file>
         <name>boot.obj</name>
      </input_file>
      <input_file id="fl-4d">
         <path>C:\ti\ccsv6\tools\compiler\ti-cgt-msp430_15.12.1.LTS\lib\</path>
         <kind>archive</kind>
         <file>rts430x_lc_rd_eabi.lib</file>
         <name>args_main.obj</name>
      </input_file>
      <input_file id="fl-4e">
         <path>C:\ti\ccsv6\tools\compiler\ti-cgt-msp430_15.12.1.LTS\lib\</path>
         <kind>archive</kind>
         <file>rts430x_lc_rd_eabi.lib</file>
         <name>autoinit_wdt.obj</name>
      </input_file>
      <input_file id="fl-4f">
         <path>C:\ti\ccsv6\tools\compiler\ti-cgt-msp430_15.12.1.LTS\lib\</path>
         <kind>archive</kind>
         <file>rts430x_lc_rd_eabi.lib</file>
         <name>boot_special.obj</name>
      </input_file>
      <input_file id="fl-50">
         <path>C:\ti\ccsv6\tools\compiler\ti-cgt-msp430_15.12.1.LTS\lib\</path>
         <kind>archive</kind>
         <file>rts430x_lc_rd_eabi.lib</file>
         <name>mpu_init.obj</name>
      </input_file>
      <input_file id="fl-51">
         <path>C:\ti\ccsv6\tools\compiler\ti-cgt-msp430_15.12.1.LTS\lib\</path>
         <kind>archive</kind>
         <file>rts430x_lc_rd_eabi.lib</file>
         <name>startup.obj</name>
      </input_file>
      <input_file id="fl-52">
         <path>C:\ti\ccsv6\tools\compiler\ti-cgt-msp430_15.12.1.LTS\lib\</path>
         <kind>archive</kind>
         <file>rts430x_lc_rd_eabi.lib</file>
         <name>pre_init.obj</name>
      </input_file>
      <input_file id="fl-53">
         <path>C:\ti\ccsv6\tools\compiler\ti-cgt-msp430_15.12.1.LTS\lib\</path>
         <kind>archive</kind>
         <file>rts430x_lc_rd_eabi.lib</file>
         <name>exit.obj</name>
      </input_file>
      <input_file id="fl-54">
         <path>C:\ti\ccsv6\tools\compiler\ti-cgt-msp430_15.12.1.LTS\lib\</path>
         <kind>archive</kind>
         <file>rts430x_lc_rd_eabi.lib</file>
         <name>exit_gvars.obj</name>
      </input_file>
      <input_file id="fl-55">
         <path>C:\ti\ccsv6\tools\compiler\ti-cgt-msp430_15.12.1.LTS\lib\</path>
         <kind>archive</kind>
         <file>rts430x_lc_rd_eabi.lib</file>
         <name>_lock.obj</name>
      </input_file>
      <input_file id="fl-56">
         <path>C:\ti\ccsv6\tools\compiler\ti-cgt-msp430_15.12.1.LTS\lib\</path>
         <kind>archive</kind>
         <file>rts430x_lc_rd_eabi.lib</file>
         <name>cpy_tbl.obj</name>
      </input_file>
      <input_file id="fl-57">
         <path>C:\ti\ccsv6\tools\compiler\ti-cgt-msp430_15.12.1.LTS\lib\</path>
         <kind>archive</kind>
         <file>rts430x_lc_rd_eabi.lib</file>
         <name>mult16.obj</name>
      </input_file>
      <input_file id="fl-58">
         <path>C:\ti\ccsv6\tools\compiler\ti-cgt-msp430_15.12.1.LTS\lib\</path>
         <kind>archive</kind>
         <file>rts430x_lc_rd_eabi.lib</file>
         <name>memcpy.obj</name>
      </input_file>
   </input_file_list>
   <object_component_list>
      <object_component id="oc-63f">
         <name>.TI.persistent:cantData1</name>
         <load_address>0x4400</load_address>
         <run_address>0x4400</run_address>
         <size>0xfa0</size>
         <input_file_ref idref="fl-3"/>
      </object_component>
      <object_component id="oc-689">
         <name>.TI.persistent:cantData1</name>
         <load_address>0x53a0</load_address>
         <run_address>0x53a0</run_address>
         <size>0xfa0</size>
         <input_file_ref idref="fl-7"/>
      </object_component>
      <object_component id="oc-643">
         <name>.TI.persistent:cantData2</name>
         <load_address>0x6340</load_address>
         <run_address>0x6340</run_address>
         <size>0xfa0</size>
         <input_file_ref idref="fl-3"/>
      </object_component>
      <object_component id="oc-690">
         <name>.TI.persistent:cantData2</name>
         <load_address>0x72e0</load_address>
         <run_address>0x72e0</run_address>
         <size>0xfa0</size>
         <input_file_ref idref="fl-7"/>
      </object_component>
      <object_component id="oc-647">
         <name>.TI.persistent:cantData3</name>
         <load_address>0x8280</load_address>
         <run_address>0x8280</run_address>
         <size>0xfa0</size>
         <input_file_ref idref="fl-3"/>
      </object_component>
      <object_component id="oc-697">
         <name>.TI.persistent:cantData3</name>
         <load_address>0x9220</load_address>
         <run_address>0x9220</run_address>
         <size>0xfa0</size>
         <input_file_ref idref="fl-7"/>
      </object_component>
      <object_component id="oc-64b">
         <name>.TI.persistent:cantData4</name>
         <load_address>0xa1c0</load_address>
         <run_address>0xa1c0</run_address>
         <size>0xfa0</size>
         <input_file_ref idref="fl-3"/>
      </object_component>
      <object_component id="oc-69e">
         <name>.TI.persistent:cantData4</name>
         <load_address>0xb160</load_address>
         <run_address>0xb160</run_address>
         <size>0xfa0</size>
         <input_file_ref idref="fl-7"/>
      </object_component>
      <object_component id="oc-64f">
         <name>.TI.persistent:cantData5</name>
         <load_address>0xc100</load_address>
         <run_address>0xc100</run_address>
         <size>0xfa0</size>
         <input_file_ref idref="fl-3"/>
      </object_component>
      <object_component id="oc-6a5">
         <name>.TI.persistent:cantData5</name>
         <load_address>0xd0a0</load_address>
         <run_address>0xd0a0</run_address>
         <size>0xfa0</size>
         <input_file_ref idref="fl-7"/>
      </object_component>
      <object_component id="oc-76a">
         <name>.cinit..bss.load</name>
         <load_address>0xf204</load_address>
         <run_address>0xf204</run_address>
         <size>0xb</size>
      </object_component>
      <object_component id="oc-76b">
         <name>.cinit..data.load</name>
         <load_address>0xf210</load_address>
         <run_address>0xf210</run_address>
         <size>0x8</size>
      </object_component>
      <object_component id="oc-768">
         <name>__TI_handler_table</name>
         <load_address>0xf218</load_address>
         <run_address>0xf218</run_address>
         <size>0x8</size>
      </object_component>
      <object_component id="oc-769">
         <name>__TI_cinit_table</name>
         <load_address>0xf220</load_address>
         <run_address>0xf220</run_address>
         <size>0x10</size>
      </object_component>
      <object_component id="oc-544">
         <name>.const</name>
         <load_address>0xf1fe</load_address>
         <run_address>0xf1fe</run_address>
         <size>0x6</size>
         <input_file_ref idref="fl-9"/>
      </object_component>
      <object_component id="oc-426">
         <name>.text:_isr:TB0_ISR</name>
         <load_address>0xf0b4</load_address>
         <run_address>0xf0b4</run_address>
         <size>0xd4</size>
         <input_file_ref idref="fl-4"/>
      </object_component>
      <object_component id="oc-420">
         <name>.text:_isr:ADC12_ISR</name>
         <load_address>0xf188</load_address>
         <run_address>0xf188</run_address>
         <size>0x52</size>
         <input_file_ref idref="fl-4"/>
      </object_component>
      <object_component id="oc-b8">
         <name>.text:_isr:_c_int00_noargs_noexit</name>
         <load_address>0xf1da</load_address>
         <run_address>0xf1da</run_address>
         <size>0x1a</size>
         <input_file_ref idref="fl-4f"/>
      </object_component>
      <object_component id="oc-41b">
         <name>.text:_isr:__TI_ISR_TRAP</name>
         <load_address>0xf1f4</load_address>
         <run_address>0xf1f4</run_address>
         <size>0x8</size>
         <input_file_ref idref="fl-2d"/>
      </object_component>
      <object_component id="oc-4c6">
         <name>.text:ExecuteStateMachine</name>
         <load_address>0x10000</load_address>
         <run_address>0x10000</run_address>
         <size>0x194</size>
         <input_file_ref idref="fl-9"/>
      </object_component>
      <object_component id="oc-54d">
         <name>.text:processPeriodDataCant1</name>
         <load_address>0x10194</load_address>
         <run_address>0x10194</run_address>
         <size>0x12e</size>
         <input_file_ref idref="fl-7"/>
      </object_component>
      <object_component id="oc-553">
         <name>.text:processPeriodDataCant2</name>
         <load_address>0x102c2</load_address>
         <run_address>0x102c2</run_address>
         <size>0x12e</size>
         <input_file_ref idref="fl-7"/>
      </object_component>
      <object_component id="oc-559">
         <name>.text:processPeriodDataCant3</name>
         <load_address>0x103f0</load_address>
         <run_address>0x103f0</run_address>
         <size>0x12e</size>
         <input_file_ref idref="fl-7"/>
      </object_component>
      <object_component id="oc-55f">
         <name>.text:processPeriodDataCant4</name>
         <load_address>0x1051e</load_address>
         <run_address>0x1051e</run_address>
         <size>0x12e</size>
         <input_file_ref idref="fl-7"/>
      </object_component>
      <object_component id="oc-565">
         <name>.text:processPeriodDataCant5</name>
         <load_address>0x1064c</load_address>
         <run_address>0x1064c</run_address>
         <size>0x12e</size>
         <input_file_ref idref="fl-7"/>
      </object_component>
      <object_component id="oc-6cc">
         <name>.text:write_uint16_SPI</name>
         <load_address>0x1077a</load_address>
         <run_address>0x1077a</run_address>
         <size>0xfa</size>
         <input_file_ref idref="fl-8"/>
      </object_component>
      <object_component id="oc-5fd">
         <name>.text:init_SPI</name>
         <load_address>0x10874</load_address>
         <run_address>0x10874</run_address>
         <size>0xc8</size>
         <input_file_ref idref="fl-8"/>
      </object_component>
      <object_component id="oc-56b">
         <name>.text:zeroOutArraysCant1</name>
         <load_address>0x1093c</load_address>
         <run_address>0x1093c</run_address>
         <size>0x92</size>
         <input_file_ref idref="fl-3"/>
      </object_component>
      <object_component id="oc-571">
         <name>.text:zeroOutArraysCant2</name>
         <load_address>0x109ce</load_address>
         <run_address>0x109ce</run_address>
         <size>0x92</size>
         <input_file_ref idref="fl-3"/>
      </object_component>
      <object_component id="oc-577">
         <name>.text:zeroOutArraysCant3</name>
         <load_address>0x10a60</load_address>
         <run_address>0x10a60</run_address>
         <size>0x92</size>
         <input_file_ref idref="fl-3"/>
      </object_component>
      <object_component id="oc-57d">
         <name>.text:zeroOutArraysCant4</name>
         <load_address>0x10af2</load_address>
         <run_address>0x10af2</run_address>
         <size>0x92</size>
         <input_file_ref idref="fl-3"/>
      </object_component>
      <object_component id="oc-583">
         <name>.text:zeroOutArraysCant5</name>
         <load_address>0x10b84</load_address>
         <run_address>0x10b84</run_address>
         <size>0x92</size>
         <input_file_ref idref="fl-3"/>
      </object_component>
      <object_component id="oc-603">
         <name>.text:initCantADC12</name>
         <load_address>0x10c16</load_address>
         <run_address>0x10c16</run_address>
         <size>0x8a</size>
         <input_file_ref idref="fl-4"/>
      </object_component>
      <object_component id="oc-547">
         <name>.text:collectData</name>
         <load_address>0x10ca0</load_address>
         <run_address>0x10ca0</run_address>
         <size>0x86</size>
         <input_file_ref idref="fl-3"/>
      </object_component>
      <object_component id="oc-439">
         <name>.text:_auto_init_hold_wdt</name>
         <load_address>0x10d26</load_address>
         <run_address>0x10d26</run_address>
         <size>0x82</size>
         <input_file_ref idref="fl-4e"/>
      </object_component>
      <object_component id="oc-598">
         <name>.text:findCant1Median</name>
         <load_address>0x10da8</load_address>
         <run_address>0x10da8</run_address>
         <size>0x7a</size>
         <input_file_ref idref="fl-7"/>
      </object_component>
      <object_component id="oc-5ab">
         <name>.text:findCant2Median</name>
         <load_address>0x10e22</load_address>
         <run_address>0x10e22</run_address>
         <size>0x7a</size>
         <input_file_ref idref="fl-7"/>
      </object_component>
      <object_component id="oc-5be">
         <name>.text:findCant3Median</name>
         <load_address>0x10e9c</load_address>
         <run_address>0x10e9c</run_address>
         <size>0x7a</size>
         <input_file_ref idref="fl-7"/>
      </object_component>
      <object_component id="oc-5d1">
         <name>.text:findCant4Median</name>
         <load_address>0x10f16</load_address>
         <run_address>0x10f16</run_address>
         <size>0x7a</size>
         <input_file_ref idref="fl-7"/>
      </object_component>
      <object_component id="oc-5e4">
         <name>.text:findCant5Median</name>
         <load_address>0x10f90</load_address>
         <run_address>0x10f90</run_address>
         <size>0x7a</size>
         <input_file_ref idref="fl-7"/>
      </object_component>
      <object_component id="oc-40e">
         <name>.text:__TI_decompress_rle_core</name>
         <load_address>0x1100a</load_address>
         <run_address>0x1100a</run_address>
         <size>0x68</size>
         <input_file_ref idref="fl-2b"/>
      </object_component>
      <object_component id="oc-49e">
         <name>.text:copy_in</name>
         <load_address>0x11072</load_address>
         <run_address>0x11072</run_address>
         <size>0x66</size>
         <input_file_ref idref="fl-56"/>
      </object_component>
      <object_component id="oc-58f">
         <name>.text:collectRawWaveformData</name>
         <load_address>0x110d8</load_address>
         <run_address>0x110d8</run_address>
         <size>0x5e</size>
         <input_file_ref idref="fl-3"/>
      </object_component>
      <object_component id="oc-59e">
         <name>.text:cant1MedianFilter</name>
         <load_address>0x11136</load_address>
         <run_address>0x11136</run_address>
         <size>0x5c</size>
         <input_file_ref idref="fl-7"/>
      </object_component>
      <object_component id="oc-5b1">
         <name>.text:cant2MedianFilter</name>
         <load_address>0x11192</load_address>
         <run_address>0x11192</run_address>
         <size>0x5c</size>
         <input_file_ref idref="fl-7"/>
      </object_component>
      <object_component id="oc-5c4">
         <name>.text:cant3MedianFilter</name>
         <load_address>0x111ee</load_address>
         <run_address>0x111ee</run_address>
         <size>0x5c</size>
         <input_file_ref idref="fl-7"/>
      </object_component>
      <object_component id="oc-5d7">
         <name>.text:cant4MedianFilter</name>
         <load_address>0x1124a</load_address>
         <run_address>0x1124a</run_address>
         <size>0x5c</size>
         <input_file_ref idref="fl-7"/>
      </object_component>
      <object_component id="oc-5ea">
         <name>.text:cant5MedianFilter</name>
         <load_address>0x112a6</load_address>
         <run_address>0x112a6</run_address>
         <size>0x5c</size>
         <input_file_ref idref="fl-7"/>
      </object_component>
      <object_component id="oc-60f">
         <name>.text:initCapturePins</name>
         <load_address>0x11302</load_address>
         <run_address>0x11302</run_address>
         <size>0x5c</size>
         <input_file_ref idref="fl-4"/>
      </object_component>
      <object_component id="oc-6b4">
         <name>.text</name>
         <load_address>0x1135e</load_address>
         <run_address>0x1135e</run_address>
         <size>0x58</size>
         <input_file_ref idref="fl-45"/>
      </object_component>
      <object_component id="oc-61b">
         <name>.text:init_Hbridge</name>
         <load_address>0x113b6</load_address>
         <run_address>0x113b6</run_address>
         <size>0x42</size>
         <input_file_ref idref="fl-6"/>
      </object_component>
      <object_component id="oc-5f7">
         <name>.text:initialize__Clocks_MPS430FR5969</name>
         <load_address>0x113f8</load_address>
         <run_address>0x113f8</run_address>
         <size>0x3c</size>
         <input_file_ref idref="fl-5"/>
      </object_component>
      <object_component id="oc-609">
         <name>.text:initCaptureRegisters</name>
         <load_address>0x11434</load_address>
         <run_address>0x11434</run_address>
         <size>0x34</size>
         <input_file_ref idref="fl-4"/>
      </object_component>
      <object_component id="oc-5a4">
         <name>.text:averageCant1Data</name>
         <load_address>0x11468</load_address>
         <run_address>0x11468</run_address>
         <size>0x30</size>
         <input_file_ref idref="fl-7"/>
      </object_component>
      <object_component id="oc-5b7">
         <name>.text:averageCant2Data</name>
         <load_address>0x11498</load_address>
         <run_address>0x11498</run_address>
         <size>0x30</size>
         <input_file_ref idref="fl-7"/>
      </object_component>
      <object_component id="oc-5ca">
         <name>.text:averageCant3Data</name>
         <load_address>0x114c8</load_address>
         <run_address>0x114c8</run_address>
         <size>0x30</size>
         <input_file_ref idref="fl-7"/>
      </object_component>
      <object_component id="oc-5dd">
         <name>.text:averageCant4Data</name>
         <load_address>0x114f8</load_address>
         <run_address>0x114f8</run_address>
         <size>0x30</size>
         <input_file_ref idref="fl-7"/>
      </object_component>
      <object_component id="oc-5f0">
         <name>.text:averageCant5Data</name>
         <load_address>0x11528</load_address>
         <run_address>0x11528</run_address>
         <size>0x30</size>
         <input_file_ref idref="fl-7"/>
      </object_component>
      <object_component id="oc-51a">
         <name>.text:zeroOutFRAMCantileverData1</name>
         <load_address>0x11558</load_address>
         <run_address>0x11558</run_address>
         <size>0x22</size>
         <input_file_ref idref="fl-3"/>
      </object_component>
      <object_component id="oc-520">
         <name>.text:zeroOutFRAMCantileverData2</name>
         <load_address>0x1157a</load_address>
         <run_address>0x1157a</run_address>
         <size>0x22</size>
         <input_file_ref idref="fl-3"/>
      </object_component>
      <object_component id="oc-526">
         <name>.text:zeroOutFRAMCantileverData3</name>
         <load_address>0x1159c</load_address>
         <run_address>0x1159c</run_address>
         <size>0x22</size>
         <input_file_ref idref="fl-3"/>
      </object_component>
      <object_component id="oc-52c">
         <name>.text:zeroOutFRAMCantileverData4</name>
         <load_address>0x115be</load_address>
         <run_address>0x115be</run_address>
         <size>0x22</size>
         <input_file_ref idref="fl-3"/>
      </object_component>
      <object_component id="oc-532">
         <name>.text:zeroOutFRAMCantileverData5</name>
         <load_address>0x115e0</load_address>
         <run_address>0x115e0</run_address>
         <size>0x22</size>
         <input_file_ref idref="fl-3"/>
      </object_component>
      <object_component id="oc-453">
         <name>.text:main</name>
         <load_address>0x11602</load_address>
         <run_address>0x11602</run_address>
         <size>0x1e</size>
         <input_file_ref idref="fl-9"/>
      </object_component>
      <object_component id="oc-663">
         <name>.text:motorOpen</name>
         <load_address>0x11620</load_address>
         <run_address>0x11620</run_address>
         <size>0x1a</size>
         <input_file_ref idref="fl-6"/>
      </object_component>
      <object_component id="oc-589">
         <name>.text:readFRAMCantileverData</name>
         <load_address>0x1163a</load_address>
         <run_address>0x1163a</run_address>
         <size>0x1a</size>
         <input_file_ref idref="fl-3"/>
      </object_component>
      <object_component id="oc-621">
         <name>.text:setMotorDirection</name>
         <load_address>0x11654</load_address>
         <run_address>0x11654</run_address>
         <size>0x1a</size>
         <input_file_ref idref="fl-6"/>
      </object_component>
      <object_component id="oc-4eb">
         <name>.text</name>
         <load_address>0x1166e</load_address>
         <run_address>0x1166e</run_address>
         <size>0x18</size>
         <input_file_ref idref="fl-46"/>
      </object_component>
      <object_component id="oc-53e">
         <name>.text:resetCantileverPeriodCounters</name>
         <load_address>0x11686</load_address>
         <run_address>0x11686</run_address>
         <size>0x16</size>
         <input_file_ref idref="fl-4"/>
      </object_component>
      <object_component id="oc-65d">
         <name>.text:startADC12</name>
         <load_address>0x1169c</load_address>
         <run_address>0x1169c</run_address>
         <size>0x16</size>
         <input_file_ref idref="fl-4"/>
      </object_component>
      <object_component id="oc-538">
         <name>.text:zeroOutFRAMCounters</name>
         <load_address>0x116b2</load_address>
         <run_address>0x116b2</run_address>
         <size>0x16</size>
         <input_file_ref idref="fl-3"/>
      </object_component>
      <object_component id="oc-401">
         <name>.text:memcpy</name>
         <load_address>0x116c8</load_address>
         <run_address>0x116c8</run_address>
         <size>0x14</size>
         <input_file_ref idref="fl-58"/>
      </object_component>
      <object_component id="oc-75">
         <name>.text:decompress:none:__TI_decompress_none</name>
         <load_address>0x116dc</load_address>
         <run_address>0x116dc</run_address>
         <size>0x12</size>
         <input_file_ref idref="fl-2a"/>
      </object_component>
      <object_component id="oc-66f">
         <name>.text:stopADC12</name>
         <load_address>0x116ee</load_address>
         <run_address>0x116ee</run_address>
         <size>0x12</size>
         <input_file_ref idref="fl-4"/>
      </object_component>
      <object_component id="oc-615">
         <name>.text:initCaptureTimer</name>
         <load_address>0x11700</load_address>
         <run_address>0x11700</run_address>
         <size>0xc</size>
         <input_file_ref idref="fl-4"/>
      </object_component>
      <object_component id="oc-669">
         <name>.text:motorBrake</name>
         <load_address>0x1170c</load_address>
         <run_address>0x1170c</run_address>
         <size>0xc</size>
         <input_file_ref idref="fl-6"/>
      </object_component>
      <object_component id="oc-6d9">
         <name>.text:motorForward</name>
         <load_address>0x11718</load_address>
         <run_address>0x11718</run_address>
         <size>0xc</size>
         <input_file_ref idref="fl-6"/>
      </object_component>
      <object_component id="oc-6d3">
         <name>.text:motorReverse</name>
         <load_address>0x11724</load_address>
         <run_address>0x11724</run_address>
         <size>0xc</size>
         <input_file_ref idref="fl-6"/>
      </object_component>
      <object_component id="oc-657">
         <name>.text:setMotorAmplitude</name>
         <load_address>0x11730</load_address>
         <run_address>0x11730</run_address>
         <size>0x8</size>
         <input_file_ref idref="fl-6"/>
      </object_component>
      <object_component id="oc-675">
         <name>.text:startTimer</name>
         <load_address>0x11738</load_address>
         <run_address>0x11738</run_address>
         <size>0x8</size>
         <input_file_ref idref="fl-4"/>
      </object_component>
      <object_component id="oc-67b">
         <name>.text:stopTimer</name>
         <load_address>0x11740</load_address>
         <run_address>0x11740</run_address>
         <size>0x8</size>
         <input_file_ref idref="fl-4"/>
      </object_component>
      <object_component id="oc-45b">
         <name>.text:abort</name>
         <load_address>0x11748</load_address>
         <run_address>0x11748</run_address>
         <size>0x6</size>
         <input_file_ref idref="fl-53"/>
      </object_component>
      <object_component id="oc-7b">
         <name>.text:decompress:rle24:__TI_decompress_rle24</name>
         <load_address>0x1174e</load_address>
         <run_address>0x1174e</run_address>
         <size>0x6</size>
         <input_file_ref idref="fl-2b"/>
      </object_component>
      <object_component id="oc-433">
         <name>.text:_system_pre_init</name>
         <load_address>0x11754</load_address>
         <run_address>0x11754</run_address>
         <size>0x4</size>
         <input_file_ref idref="fl-52"/>
      </object_component>
      <object_component id="oc-4a4">
         <name>.text:_system_post_cinit</name>
         <load_address>0x11758</load_address>
         <run_address>0x11758</run_address>
         <size>0x2</size>
         <input_file_ref idref="fl-51"/>
      </object_component>
      <object_component id="oc-63c">
         <name>.bss</name>
         <uninitialized>true</uninitialized>
         <run_address>0xf080</run_address>
         <size>0x9</size>
         <input_file_ref idref="fl-3"/>
      </object_component>
      <object_component id="oc-492">
         <name>.bss</name>
         <uninitialized>true</uninitialized>
         <run_address>0xf08a</run_address>
         <size>0x9</size>
         <input_file_ref idref="fl-4"/>
      </object_component>
      <object_component id="oc-686">
         <name>.bss</name>
         <uninitialized>true</uninitialized>
         <run_address>0xf093</run_address>
         <size>0x5</size>
         <input_file_ref idref="fl-7"/>
      </object_component>
      <object_component id="oc-595">
         <name>.bss</name>
         <uninitialized>true</uninitialized>
         <run_address>0xf0ac</run_address>
         <size>0x2</size>
         <input_file_ref idref="fl-9"/>
      </object_component>
      <object_component id="oc-499">
         <name>.common:timerDataCant1</name>
         <uninitialized>true</uninitialized>
         <run_address>0xee28</run_address>
         <size>0x78</size>
      </object_component>
      <object_component id="oc-498">
         <name>.common:timerDataCant2</name>
         <uninitialized>true</uninitialized>
         <run_address>0xeea0</run_address>
         <size>0x78</size>
      </object_component>
      <object_component id="oc-496">
         <name>.common:timerDataCant3</name>
         <uninitialized>true</uninitialized>
         <run_address>0xef18</run_address>
         <size>0x78</size>
      </object_component>
      <object_component id="oc-497">
         <name>.common:timerDataCant4</name>
         <uninitialized>true</uninitialized>
         <run_address>0xef90</run_address>
         <size>0x78</size>
      </object_component>
      <object_component id="oc-495">
         <name>.common:timerDataCant5</name>
         <uninitialized>true</uninitialized>
         <run_address>0xf008</run_address>
         <size>0x78</size>
      </object_component>
      <object_component id="oc-683">
         <name>.common:periodDataCant1</name>
         <uninitialized>true</uninitialized>
         <run_address>0xebd0</run_address>
         <size>0x78</size>
      </object_component>
      <object_component id="oc-68d">
         <name>.common:periodDataCant2</name>
         <uninitialized>true</uninitialized>
         <run_address>0xec48</run_address>
         <size>0x78</size>
      </object_component>
      <object_component id="oc-694">
         <name>.common:periodDataCant3</name>
         <uninitialized>true</uninitialized>
         <run_address>0xecc0</run_address>
         <size>0x78</size>
      </object_component>
      <object_component id="oc-69b">
         <name>.common:periodDataCant4</name>
         <uninitialized>true</uninitialized>
         <run_address>0xed38</run_address>
         <size>0x78</size>
      </object_component>
      <object_component id="oc-6a2">
         <name>.common:periodDataCant5</name>
         <uninitialized>true</uninitialized>
         <run_address>0xedb0</run_address>
         <size>0x78</size>
      </object_component>
      <object_component id="oc-684">
         <name>.common:deltaPeriodCant1</name>
         <uninitialized>true</uninitialized>
         <run_address>0xe720</run_address>
         <size>0x78</size>
      </object_component>
      <object_component id="oc-68e">
         <name>.common:deltaPeriodCant2</name>
         <uninitialized>true</uninitialized>
         <run_address>0xe798</run_address>
         <size>0x78</size>
      </object_component>
      <object_component id="oc-695">
         <name>.common:deltaPeriodCant3</name>
         <uninitialized>true</uninitialized>
         <run_address>0xe810</run_address>
         <size>0x78</size>
      </object_component>
      <object_component id="oc-69c">
         <name>.common:deltaPeriodCant4</name>
         <uninitialized>true</uninitialized>
         <run_address>0xe888</run_address>
         <size>0x78</size>
      </object_component>
      <object_component id="oc-6a3">
         <name>.common:deltaPeriodCant5</name>
         <uninitialized>true</uninitialized>
         <run_address>0xe900</run_address>
         <size>0x78</size>
      </object_component>
      <object_component id="oc-685">
         <name>.common:filteredDataCant1</name>
         <uninitialized>true</uninitialized>
         <run_address>0xe978</run_address>
         <size>0x78</size>
      </object_component>
      <object_component id="oc-68f">
         <name>.common:filteredDataCant2</name>
         <uninitialized>true</uninitialized>
         <run_address>0xe9f0</run_address>
         <size>0x78</size>
      </object_component>
      <object_component id="oc-696">
         <name>.common:filteredDataCant3</name>
         <uninitialized>true</uninitialized>
         <run_address>0xea68</run_address>
         <size>0x78</size>
      </object_component>
      <object_component id="oc-69d">
         <name>.common:filteredDataCant4</name>
         <uninitialized>true</uninitialized>
         <run_address>0xeae0</run_address>
         <size>0x78</size>
      </object_component>
      <object_component id="oc-6a4">
         <name>.common:filteredDataCant5</name>
         <uninitialized>true</uninitialized>
         <run_address>0xeb58</run_address>
         <size>0x78</size>
      </object_component>
      <object_component id="oc-682">
         <name>.common:i</name>
         <uninitialized>true</uninitialized>
         <run_address>0xf089</run_address>
         <size>0x1</size>
      </object_component>
      <object_component id="oc-48e">
         <name>.common:rawRefCantWave</name>
         <uninitialized>true</uninitialized>
         <run_address>0xe590</run_address>
         <size>0x190</size>
      </object_component>
      <object_component id="oc-490">
         <name>.common:rawCant5Wave</name>
         <uninitialized>true</uninitialized>
         <run_address>0xe400</run_address>
         <size>0x190</size>
      </object_component>
      <object_component id="oc-483">
         <name>.common:rawRefCantCounter</name>
         <uninitialized>true</uninitialized>
         <run_address>0xf0b2</run_address>
         <size>0x2</size>
      </object_component>
      <object_component id="oc-48f">
         <name>.common:rawCant5Counter</name>
         <uninitialized>true</uninitialized>
         <run_address>0xf0b0</run_address>
         <size>0x2</size>
      </object_component>
      <object_component id="oc-5aa">
         <name>.common:cantResonantPeriod1</name>
         <uninitialized>true</uninitialized>
         <run_address>0xf098</run_address>
         <size>0x4</size>
      </object_component>
      <object_component id="oc-5bd">
         <name>.common:cantResonantPeriod2</name>
         <uninitialized>true</uninitialized>
         <run_address>0xf09c</run_address>
         <size>0x4</size>
      </object_component>
      <object_component id="oc-5d0">
         <name>.common:cantResonantPeriod3</name>
         <uninitialized>true</uninitialized>
         <run_address>0xf0a0</run_address>
         <size>0x4</size>
      </object_component>
      <object_component id="oc-5e3">
         <name>.common:cantResonantPeriod4</name>
         <uninitialized>true</uninitialized>
         <run_address>0xf0a4</run_address>
         <size>0x4</size>
      </object_component>
      <object_component id="oc-5f6">
         <name>.common:cantResonantPeriod5</name>
         <uninitialized>true</uninitialized>
         <run_address>0xf0a8</run_address>
         <size>0x4</size>
      </object_component>
      <object_component id="oc-4c5">
         <name>.common:PolySci_State</name>
         <uninitialized>true</uninitialized>
         <run_address>0xf0ae</run_address>
         <size>0x2</size>
      </object_component>
      <object_component id="oc-480">
         <name>.data</name>
         <load_address>0xf1fc</load_address>
         <run_address>0xf1fc</run_address>
         <size>0x1</size>
         <input_file_ref idref="fl-4"/>
      </object_component>
      <object_component id="oc-4cc">
         <name>.data</name>
         <load_address>0xf1fd</load_address>
         <run_address>0xf1fd</run_address>
         <size>0x1</size>
         <input_file_ref idref="fl-9"/>
      </object_component>
      <object_component id="oc-3fd">
         <name>.stack</name>
         <uninitialized>true</uninitialized>
         <run_address>0x2360</run_address>
         <size>0x4</size>
         <input_file_ref idref="fl-4c"/>
      </object_component>
      <object_component id="oc-76c">
         <name>.stack</name>
         <uninitialized>true</uninitialized>
         <run_address>0x2360</run_address>
         <size>0x0</size>
      </object_component>
      <object_component id="oc-81">
         <name>.int30</name>
         <load_address>0xffcc</load_address>
         <run_address>0xffcc</run_address>
         <size>0x2</size>
         <input_file_ref idref="fl-2c"/>
      </object_component>
      <object_component id="oc-82">
         <name>.int31</name>
         <load_address>0xffce</load_address>
         <run_address>0xffce</run_address>
         <size>0x2</size>
         <input_file_ref idref="fl-2e"/>
      </object_component>
      <object_component id="oc-83">
         <name>.int32</name>
         <load_address>0xffd0</load_address>
         <run_address>0xffd0</run_address>
         <size>0x2</size>
         <input_file_ref idref="fl-2f"/>
      </object_component>
      <object_component id="oc-84">
         <name>.int33</name>
         <load_address>0xffd2</load_address>
         <run_address>0xffd2</run_address>
         <size>0x2</size>
         <input_file_ref idref="fl-30"/>
      </object_component>
      <object_component id="oc-85">
         <name>.int34</name>
         <load_address>0xffd4</load_address>
         <run_address>0xffd4</run_address>
         <size>0x2</size>
         <input_file_ref idref="fl-31"/>
      </object_component>
      <object_component id="oc-86">
         <name>.int35</name>
         <load_address>0xffd6</load_address>
         <run_address>0xffd6</run_address>
         <size>0x2</size>
         <input_file_ref idref="fl-32"/>
      </object_component>
      <object_component id="oc-87">
         <name>.int36</name>
         <load_address>0xffd8</load_address>
         <run_address>0xffd8</run_address>
         <size>0x2</size>
         <input_file_ref idref="fl-33"/>
      </object_component>
      <object_component id="oc-88">
         <name>.int37</name>
         <load_address>0xffda</load_address>
         <run_address>0xffda</run_address>
         <size>0x2</size>
         <input_file_ref idref="fl-34"/>
      </object_component>
      <object_component id="oc-89">
         <name>.int38</name>
         <load_address>0xffdc</load_address>
         <run_address>0xffdc</run_address>
         <size>0x2</size>
         <input_file_ref idref="fl-35"/>
      </object_component>
      <object_component id="oc-8a">
         <name>.int39</name>
         <load_address>0xffde</load_address>
         <run_address>0xffde</run_address>
         <size>0x2</size>
         <input_file_ref idref="fl-36"/>
      </object_component>
      <object_component id="oc-8b">
         <name>.int40</name>
         <load_address>0xffe0</load_address>
         <run_address>0xffe0</run_address>
         <size>0x2</size>
         <input_file_ref idref="fl-37"/>
      </object_component>
      <object_component id="oc-8c">
         <name>.int41</name>
         <load_address>0xffe2</load_address>
         <run_address>0xffe2</run_address>
         <size>0x2</size>
         <input_file_ref idref="fl-38"/>
      </object_component>
      <object_component id="oc-8d">
         <name>.int42</name>
         <load_address>0xffe4</load_address>
         <run_address>0xffe4</run_address>
         <size>0x2</size>
         <input_file_ref idref="fl-39"/>
      </object_component>
      <object_component id="oc-8e">
         <name>.int43</name>
         <load_address>0xffe6</load_address>
         <run_address>0xffe6</run_address>
         <size>0x2</size>
         <input_file_ref idref="fl-3a"/>
      </object_component>
      <object_component id="oc-8f">
         <name>.int44</name>
         <load_address>0xffe8</load_address>
         <run_address>0xffe8</run_address>
         <size>0x2</size>
         <input_file_ref idref="fl-3b"/>
      </object_component>
      <object_component id="oc-90">
         <name>.int45</name>
         <load_address>0xffea</load_address>
         <run_address>0xffea</run_address>
         <size>0x2</size>
         <input_file_ref idref="fl-3c"/>
      </object_component>
      <object_component id="oc-91">
         <name>.int46</name>
         <load_address>0xffec</load_address>
         <run_address>0xffec</run_address>
         <size>0x2</size>
         <input_file_ref idref="fl-4"/>
      </object_component>
      <object_component id="oc-92">
         <name>.int47</name>
         <load_address>0xffee</load_address>
         <run_address>0xffee</run_address>
         <size>0x2</size>
         <input_file_ref idref="fl-3d"/>
      </object_component>
      <object_component id="oc-93">
         <name>.int48</name>
         <load_address>0xfff0</load_address>
         <run_address>0xfff0</run_address>
         <size>0x2</size>
         <input_file_ref idref="fl-3e"/>
      </object_component>
      <object_component id="oc-94">
         <name>.int49</name>
         <load_address>0xfff2</load_address>
         <run_address>0xfff2</run_address>
         <size>0x2</size>
         <input_file_ref idref="fl-3f"/>
      </object_component>
      <object_component id="oc-95">
         <name>.int50</name>
         <load_address>0xfff4</load_address>
         <run_address>0xfff4</run_address>
         <size>0x2</size>
         <input_file_ref idref="fl-4"/>
      </object_component>
      <object_component id="oc-96">
         <name>.int51</name>
         <load_address>0xfff6</load_address>
         <run_address>0xfff6</run_address>
         <size>0x2</size>
         <input_file_ref idref="fl-40"/>
      </object_component>
      <object_component id="oc-97">
         <name>.int52</name>
         <load_address>0xfff8</load_address>
         <run_address>0xfff8</run_address>
         <size>0x2</size>
         <input_file_ref idref="fl-41"/>
      </object_component>
      <object_component id="oc-98">
         <name>.int53</name>
         <load_address>0xfffa</load_address>
         <run_address>0xfffa</run_address>
         <size>0x2</size>
         <input_file_ref idref="fl-42"/>
      </object_component>
      <object_component id="oc-99">
         <name>.int54</name>
         <load_address>0xfffc</load_address>
         <run_address>0xfffc</run_address>
         <size>0x2</size>
         <input_file_ref idref="fl-43"/>
      </object_component>
      <object_component id="oc-400">
         <name>.reset</name>
         <load_address>0xfffe</load_address>
         <run_address>0xfffe</run_address>
         <size>0x2</size>
         <input_file_ref idref="fl-4c"/>
      </object_component>
      <object_component id="oc-62a">
         <name>.debug_info</name>
         <load_address>0x0</load_address>
         <run_address>0x0</run_address>
         <size>0x8b</size>
         <input_file_ref idref="fl-2"/>
      </object_component>
      <object_component id="oc-4d5">
         <name>.debug_info</name>
         <load_address>0x8b</load_address>
         <run_address>0x8b</run_address>
         <size>0x18b</size>
         <input_file_ref idref="fl-2"/>
      </object_component>
      <object_component id="oc-484">
         <name>.debug_info</name>
         <load_address>0x216</load_address>
         <run_address>0x216</run_address>
         <size>0x8c6</size>
         <input_file_ref idref="fl-3"/>
      </object_component>
      <object_component id="oc-63d">
         <name>.debug_info</name>
         <load_address>0xadc</load_address>
         <run_address>0xadc</run_address>
         <size>0x1a1</size>
         <input_file_ref idref="fl-3"/>
      </object_component>
      <object_component id="oc-640">
         <name>.debug_info</name>
         <load_address>0xc7d</load_address>
         <run_address>0xc7d</run_address>
         <size>0xdf</size>
         <input_file_ref idref="fl-3"/>
      </object_component>
      <object_component id="oc-644">
         <name>.debug_info</name>
         <load_address>0xd5c</load_address>
         <run_address>0xd5c</run_address>
         <size>0xdf</size>
         <input_file_ref idref="fl-3"/>
      </object_component>
      <object_component id="oc-648">
         <name>.debug_info</name>
         <load_address>0xe3b</load_address>
         <run_address>0xe3b</run_address>
         <size>0xdf</size>
         <input_file_ref idref="fl-3"/>
      </object_component>
      <object_component id="oc-64c">
         <name>.debug_info</name>
         <load_address>0xf1a</load_address>
         <run_address>0xf1a</run_address>
         <size>0xdf</size>
         <input_file_ref idref="fl-3"/>
      </object_component>
      <object_component id="oc-650">
         <name>.debug_info</name>
         <load_address>0xff9</load_address>
         <run_address>0xff9</run_address>
         <size>0xdf</size>
         <input_file_ref idref="fl-3"/>
      </object_component>
      <object_component id="oc-548">
         <name>.debug_info</name>
         <load_address>0x10d8</load_address>
         <run_address>0x10d8</run_address>
         <size>0x23e</size>
         <input_file_ref idref="fl-3"/>
      </object_component>
      <object_component id="oc-590">
         <name>.debug_info</name>
         <load_address>0x1316</load_address>
         <run_address>0x1316</run_address>
         <size>0x233</size>
         <input_file_ref idref="fl-3"/>
      </object_component>
      <object_component id="oc-56c">
         <name>.debug_info</name>
         <load_address>0x1549</load_address>
         <run_address>0x1549</run_address>
         <size>0x12c</size>
         <input_file_ref idref="fl-3"/>
      </object_component>
      <object_component id="oc-572">
         <name>.debug_info</name>
         <load_address>0x1675</load_address>
         <run_address>0x1675</run_address>
         <size>0x12c</size>
         <input_file_ref idref="fl-3"/>
      </object_component>
      <object_component id="oc-578">
         <name>.debug_info</name>
         <load_address>0x17a1</load_address>
         <run_address>0x17a1</run_address>
         <size>0x12c</size>
         <input_file_ref idref="fl-3"/>
      </object_component>
      <object_component id="oc-57e">
         <name>.debug_info</name>
         <load_address>0x18cd</load_address>
         <run_address>0x18cd</run_address>
         <size>0x12c</size>
         <input_file_ref idref="fl-3"/>
      </object_component>
      <object_component id="oc-584">
         <name>.debug_info</name>
         <load_address>0x19f9</load_address>
         <run_address>0x19f9</run_address>
         <size>0x12c</size>
         <input_file_ref idref="fl-3"/>
      </object_component>
      <object_component id="oc-58a">
         <name>.debug_info</name>
         <load_address>0x1b25</load_address>
         <run_address>0x1b25</run_address>
         <size>0x134</size>
         <input_file_ref idref="fl-3"/>
      </object_component>
      <object_component id="oc-51b">
         <name>.debug_info</name>
         <load_address>0x1c59</load_address>
         <run_address>0x1c59</run_address>
         <size>0x147</size>
         <input_file_ref idref="fl-3"/>
      </object_component>
      <object_component id="oc-521">
         <name>.debug_info</name>
         <load_address>0x1da0</load_address>
         <run_address>0x1da0</run_address>
         <size>0x147</size>
         <input_file_ref idref="fl-3"/>
      </object_component>
      <object_component id="oc-527">
         <name>.debug_info</name>
         <load_address>0x1ee7</load_address>
         <run_address>0x1ee7</run_address>
         <size>0x147</size>
         <input_file_ref idref="fl-3"/>
      </object_component>
      <object_component id="oc-52d">
         <name>.debug_info</name>
         <load_address>0x202e</load_address>
         <run_address>0x202e</run_address>
         <size>0x147</size>
         <input_file_ref idref="fl-3"/>
      </object_component>
      <object_component id="oc-533">
         <name>.debug_info</name>
         <load_address>0x2175</load_address>
         <run_address>0x2175</run_address>
         <size>0x147</size>
         <input_file_ref idref="fl-3"/>
      </object_component>
      <object_component id="oc-539">
         <name>.debug_info</name>
         <load_address>0x22bc</load_address>
         <run_address>0x22bc</run_address>
         <size>0x12f</size>
         <input_file_ref idref="fl-3"/>
      </object_component>
      <object_component id="oc-469">
         <name>.debug_info</name>
         <load_address>0x23eb</load_address>
         <run_address>0x23eb</run_address>
         <size>0x84</size>
         <input_file_ref idref="fl-3"/>
      </object_component>
      <object_component id="oc-486">
         <name>.debug_info</name>
         <load_address>0x246f</load_address>
         <run_address>0x246f</run_address>
         <size>0xb15</size>
         <input_file_ref idref="fl-4"/>
      </object_component>
      <object_component id="oc-493">
         <name>.debug_info</name>
         <load_address>0x2f84</load_address>
         <run_address>0x2f84</run_address>
         <size>0x1c9</size>
         <input_file_ref idref="fl-4"/>
      </object_component>
      <object_component id="oc-481">
         <name>.debug_info</name>
         <load_address>0x314d</load_address>
         <run_address>0x314d</run_address>
         <size>0xe5</size>
         <input_file_ref idref="fl-4"/>
      </object_component>
      <object_component id="oc-616">
         <name>.debug_info</name>
         <load_address>0x3232</load_address>
         <run_address>0x3232</run_address>
         <size>0x128</size>
         <input_file_ref idref="fl-4"/>
      </object_component>
      <object_component id="oc-676">
         <name>.debug_info</name>
         <load_address>0x335a</load_address>
         <run_address>0x335a</run_address>
         <size>0x11c</size>
         <input_file_ref idref="fl-4"/>
      </object_component>
      <object_component id="oc-67c">
         <name>.debug_info</name>
         <load_address>0x3476</load_address>
         <run_address>0x3476</run_address>
         <size>0x11a</size>
         <input_file_ref idref="fl-4"/>
      </object_component>
      <object_component id="oc-60a">
         <name>.debug_info</name>
         <load_address>0x3590</load_address>
         <run_address>0x3590</run_address>
         <size>0x130</size>
         <input_file_ref idref="fl-4"/>
      </object_component>
      <object_component id="oc-610">
         <name>.debug_info</name>
         <load_address>0x36c0</load_address>
         <run_address>0x36c0</run_address>
         <size>0x126</size>
         <input_file_ref idref="fl-4"/>
      </object_component>
      <object_component id="oc-604">
         <name>.debug_info</name>
         <load_address>0x37e6</load_address>
         <run_address>0x37e6</run_address>
         <size>0x122</size>
         <input_file_ref idref="fl-4"/>
      </object_component>
      <object_component id="oc-65e">
         <name>.debug_info</name>
         <load_address>0x3908</load_address>
         <run_address>0x3908</run_address>
         <size>0x11c</size>
         <input_file_ref idref="fl-4"/>
      </object_component>
      <object_component id="oc-670">
         <name>.debug_info</name>
         <load_address>0x3a24</load_address>
         <run_address>0x3a24</run_address>
         <size>0x11a</size>
         <input_file_ref idref="fl-4"/>
      </object_component>
      <object_component id="oc-53f">
         <name>.debug_info</name>
         <load_address>0x3b3e</load_address>
         <run_address>0x3b3e</run_address>
         <size>0x142</size>
         <input_file_ref idref="fl-4"/>
      </object_component>
      <object_component id="oc-427">
         <name>.debug_info</name>
         <load_address>0x3c80</load_address>
         <run_address>0x3c80</run_address>
         <size>0x118</size>
         <input_file_ref idref="fl-4"/>
      </object_component>
      <object_component id="oc-421">
         <name>.debug_info</name>
         <load_address>0x3d98</load_address>
         <run_address>0x3d98</run_address>
         <size>0x11e</size>
         <input_file_ref idref="fl-4"/>
      </object_component>
      <object_component id="oc-5f8">
         <name>.debug_info</name>
         <load_address>0x3eb6</load_address>
         <run_address>0x3eb6</run_address>
         <size>0x140</size>
         <input_file_ref idref="fl-5"/>
      </object_component>
      <object_component id="oc-488">
         <name>.debug_info</name>
         <load_address>0x3ff6</load_address>
         <run_address>0x3ff6</run_address>
         <size>0x3ce</size>
         <input_file_ref idref="fl-6"/>
      </object_component>
      <object_component id="oc-61c">
         <name>.debug_info</name>
         <load_address>0x43c4</load_address>
         <run_address>0x43c4</run_address>
         <size>0x15b</size>
         <input_file_ref idref="fl-6"/>
      </object_component>
      <object_component id="oc-622">
         <name>.debug_info</name>
         <load_address>0x451f</load_address>
         <run_address>0x451f</run_address>
         <size>0x19c</size>
         <input_file_ref idref="fl-6"/>
      </object_component>
      <object_component id="oc-658">
         <name>.debug_info</name>
         <load_address>0x46bb</load_address>
         <run_address>0x46bb</run_address>
         <size>0x165</size>
         <input_file_ref idref="fl-6"/>
      </object_component>
      <object_component id="oc-6da">
         <name>.debug_info</name>
         <load_address>0x4820</load_address>
         <run_address>0x4820</run_address>
         <size>0x123</size>
         <input_file_ref idref="fl-6"/>
      </object_component>
      <object_component id="oc-6d4">
         <name>.debug_info</name>
         <load_address>0x4943</load_address>
         <run_address>0x4943</run_address>
         <size>0x123</size>
         <input_file_ref idref="fl-6"/>
      </object_component>
      <object_component id="oc-66a">
         <name>.debug_info</name>
         <load_address>0x4a66</load_address>
         <run_address>0x4a66</run_address>
         <size>0x11f</size>
         <input_file_ref idref="fl-6"/>
      </object_component>
      <object_component id="oc-664">
         <name>.debug_info</name>
         <load_address>0x4b85</load_address>
         <run_address>0x4b85</run_address>
         <size>0x11d</size>
         <input_file_ref idref="fl-6"/>
      </object_component>
      <object_component id="oc-48a">
         <name>.debug_info</name>
         <load_address>0x4ca2</load_address>
         <run_address>0x4ca2</run_address>
         <size>0x750</size>
         <input_file_ref idref="fl-7"/>
      </object_component>
      <object_component id="oc-68a">
         <name>.debug_info</name>
         <load_address>0x53f2</load_address>
         <run_address>0x53f2</run_address>
         <size>0xdf</size>
         <input_file_ref idref="fl-7"/>
      </object_component>
      <object_component id="oc-691">
         <name>.debug_info</name>
         <load_address>0x54d1</load_address>
         <run_address>0x54d1</run_address>
         <size>0xdf</size>
         <input_file_ref idref="fl-7"/>
      </object_component>
      <object_component id="oc-698">
         <name>.debug_info</name>
         <load_address>0x55b0</load_address>
         <run_address>0x55b0</run_address>
         <size>0xdf</size>
         <input_file_ref idref="fl-7"/>
      </object_component>
      <object_component id="oc-69f">
         <name>.debug_info</name>
         <load_address>0x568f</load_address>
         <run_address>0x568f</run_address>
         <size>0xdf</size>
         <input_file_ref idref="fl-7"/>
      </object_component>
      <object_component id="oc-6a6">
         <name>.debug_info</name>
         <load_address>0x576e</load_address>
         <run_address>0x576e</run_address>
         <size>0xdf</size>
         <input_file_ref idref="fl-7"/>
      </object_component>
      <object_component id="oc-687">
         <name>.debug_info</name>
         <load_address>0x584d</load_address>
         <run_address>0x584d</run_address>
         <size>0x185</size>
         <input_file_ref idref="fl-7"/>
      </object_component>
      <object_component id="oc-54e">
         <name>.debug_info</name>
         <load_address>0x59d2</load_address>
         <run_address>0x59d2</run_address>
         <size>0x134</size>
         <input_file_ref idref="fl-7"/>
      </object_component>
      <object_component id="oc-554">
         <name>.debug_info</name>
         <load_address>0x5b06</load_address>
         <run_address>0x5b06</run_address>
         <size>0x134</size>
         <input_file_ref idref="fl-7"/>
      </object_component>
      <object_component id="oc-55a">
         <name>.debug_info</name>
         <load_address>0x5c3a</load_address>
         <run_address>0x5c3a</run_address>
         <size>0x134</size>
         <input_file_ref idref="fl-7"/>
      </object_component>
      <object_component id="oc-560">
         <name>.debug_info</name>
         <load_address>0x5d6e</load_address>
         <run_address>0x5d6e</run_address>
         <size>0x134</size>
         <input_file_ref idref="fl-7"/>
      </object_component>
      <object_component id="oc-566">
         <name>.debug_info</name>
         <load_address>0x5ea2</load_address>
         <run_address>0x5ea2</run_address>
         <size>0x134</size>
         <input_file_ref idref="fl-7"/>
      </object_component>
      <object_component id="oc-599">
         <name>.debug_info</name>
         <load_address>0x5fd6</load_address>
         <run_address>0x5fd6</run_address>
         <size>0x190</size>
         <input_file_ref idref="fl-7"/>
      </object_component>
      <object_component id="oc-5ac">
         <name>.debug_info</name>
         <load_address>0x6166</load_address>
         <run_address>0x6166</run_address>
         <size>0x191</size>
         <input_file_ref idref="fl-7"/>
      </object_component>
      <object_component id="oc-5bf">
         <name>.debug_info</name>
         <load_address>0x62f7</load_address>
         <run_address>0x62f7</run_address>
         <size>0x193</size>
         <input_file_ref idref="fl-7"/>
      </object_component>
      <object_component id="oc-5d2">
         <name>.debug_info</name>
         <load_address>0x648a</load_address>
         <run_address>0x648a</run_address>
         <size>0x193</size>
         <input_file_ref idref="fl-7"/>
      </object_component>
      <object_component id="oc-5e5">
         <name>.debug_info</name>
         <load_address>0x661d</load_address>
         <run_address>0x661d</run_address>
         <size>0x193</size>
         <input_file_ref idref="fl-7"/>
      </object_component>
      <object_component id="oc-59f">
         <name>.debug_info</name>
         <load_address>0x67b0</load_address>
         <run_address>0x67b0</run_address>
         <size>0x161</size>
         <input_file_ref idref="fl-7"/>
      </object_component>
      <object_component id="oc-5b2">
         <name>.debug_info</name>
         <load_address>0x6911</load_address>
         <run_address>0x6911</run_address>
         <size>0x161</size>
         <input_file_ref idref="fl-7"/>
      </object_component>
      <object_component id="oc-5c5">
         <name>.debug_info</name>
         <load_address>0x6a72</load_address>
         <run_address>0x6a72</run_address>
         <size>0x161</size>
         <input_file_ref idref="fl-7"/>
      </object_component>
      <object_component id="oc-5d8">
         <name>.debug_info</name>
         <load_address>0x6bd3</load_address>
         <run_address>0x6bd3</run_address>
         <size>0x161</size>
         <input_file_ref idref="fl-7"/>
      </object_component>
      <object_component id="oc-5eb">
         <name>.debug_info</name>
         <load_address>0x6d34</load_address>
         <run_address>0x6d34</run_address>
         <size>0x161</size>
         <input_file_ref idref="fl-7"/>
      </object_component>
      <object_component id="oc-5a5">
         <name>.debug_info</name>
         <load_address>0x6e95</load_address>
         <run_address>0x6e95</run_address>
         <size>0x158</size>
         <input_file_ref idref="fl-7"/>
      </object_component>
      <object_component id="oc-5b8">
         <name>.debug_info</name>
         <load_address>0x6fed</load_address>
         <run_address>0x6fed</run_address>
         <size>0x158</size>
         <input_file_ref idref="fl-7"/>
      </object_component>
      <object_component id="oc-5cb">
         <name>.debug_info</name>
         <load_address>0x7145</load_address>
         <run_address>0x7145</run_address>
         <size>0x158</size>
         <input_file_ref idref="fl-7"/>
      </object_component>
      <object_component id="oc-5de">
         <name>.debug_info</name>
         <load_address>0x729d</load_address>
         <run_address>0x729d</run_address>
         <size>0x158</size>
         <input_file_ref idref="fl-7"/>
      </object_component>
      <object_component id="oc-5f1">
         <name>.debug_info</name>
         <load_address>0x73f5</load_address>
         <run_address>0x73f5</run_address>
         <size>0x158</size>
         <input_file_ref idref="fl-7"/>
      </object_component>
      <object_component id="oc-5fe">
         <name>.debug_info</name>
         <load_address>0x754d</load_address>
         <run_address>0x754d</run_address>
         <size>0x153</size>
         <input_file_ref idref="fl-8"/>
      </object_component>
      <object_component id="oc-6cd">
         <name>.debug_info</name>
         <load_address>0x76a0</load_address>
         <run_address>0x76a0</run_address>
         <size>0x195</size>
         <input_file_ref idref="fl-8"/>
      </object_component>
      <object_component id="oc-48c">
         <name>.debug_info</name>
         <load_address>0x7835</load_address>
         <run_address>0x7835</run_address>
         <size>0x11c7</size>
         <input_file_ref idref="fl-9"/>
      </object_component>
      <object_component id="oc-545">
         <name>.debug_info</name>
         <load_address>0x89fc</load_address>
         <run_address>0x89fc</run_address>
         <size>0x119</size>
         <input_file_ref idref="fl-9"/>
      </object_component>
      <object_component id="oc-596">
         <name>.debug_info</name>
         <load_address>0x8b15</load_address>
         <run_address>0x8b15</run_address>
         <size>0xe1</size>
         <input_file_ref idref="fl-9"/>
      </object_component>
      <object_component id="oc-4cd">
         <name>.debug_info</name>
         <load_address>0x8bf6</load_address>
         <run_address>0x8bf6</run_address>
         <size>0xd6</size>
         <input_file_ref idref="fl-9"/>
      </object_component>
      <object_component id="oc-454">
         <name>.debug_info</name>
         <load_address>0x8ccc</load_address>
         <run_address>0x8ccc</run_address>
         <size>0x116</size>
         <input_file_ref idref="fl-9"/>
      </object_component>
      <object_component id="oc-4c7">
         <name>.debug_info</name>
         <load_address>0x8de2</load_address>
         <run_address>0x8de2</run_address>
         <size>0x675</size>
         <input_file_ref idref="fl-9"/>
      </object_component>
      <object_component id="oc-4e4">
         <name>.debug_info</name>
         <load_address>0x9457</load_address>
         <run_address>0x9457</run_address>
         <size>0x63</size>
         <input_file_ref idref="fl-9"/>
      </object_component>
      <object_component id="oc-40d">
         <name>.debug_info</name>
         <load_address>0x94ba</load_address>
         <run_address>0x94ba</run_address>
         <size>0x1e2</size>
         <input_file_ref idref="fl-2a"/>
      </object_component>
      <object_component id="oc-78">
         <name>.debug_info</name>
         <load_address>0x969c</load_address>
         <run_address>0x969c</run_address>
         <size>0x1e4</size>
         <input_file_ref idref="fl-2a"/>
      </object_component>
      <object_component id="oc-408">
         <name>.debug_info</name>
         <load_address>0x9880</load_address>
         <run_address>0x9880</run_address>
         <size>0x46</size>
         <input_file_ref idref="fl-2a"/>
      </object_component>
      <object_component id="oc-477">
         <name>.debug_info</name>
         <load_address>0x98c6</load_address>
         <run_address>0x98c6</run_address>
         <size>0x2c</size>
         <input_file_ref idref="fl-2a"/>
      </object_component>
      <object_component id="oc-415">
         <name>.debug_info</name>
         <load_address>0x98f2</load_address>
         <run_address>0x98f2</run_address>
         <size>0x19f</size>
         <input_file_ref idref="fl-2b"/>
      </object_component>
      <object_component id="oc-410">
         <name>.debug_info</name>
         <load_address>0x9a91</load_address>
         <run_address>0x9a91</run_address>
         <size>0x256</size>
         <input_file_ref idref="fl-2b"/>
      </object_component>
      <object_component id="oc-7d">
         <name>.debug_info</name>
         <load_address>0x9ce7</load_address>
         <run_address>0x9ce7</run_address>
         <size>0x1cd</size>
         <input_file_ref idref="fl-2b"/>
      </object_component>
      <object_component id="oc-416">
         <name>.debug_info</name>
         <load_address>0x9eb4</load_address>
         <run_address>0x9eb4</run_address>
         <size>0x39</size>
         <input_file_ref idref="fl-2b"/>
      </object_component>
      <object_component id="oc-41c">
         <name>.debug_info</name>
         <load_address>0x9eed</load_address>
         <run_address>0x9eed</run_address>
         <size>0x123</size>
         <input_file_ref idref="fl-2d"/>
      </object_component>
      <object_component id="oc-6b6">
         <name>.debug_info</name>
         <load_address>0xa010</load_address>
         <run_address>0xa010</run_address>
         <size>0x137</size>
         <input_file_ref idref="fl-45"/>
      </object_component>
      <object_component id="oc-4ec">
         <name>.debug_info</name>
         <load_address>0xa147</load_address>
         <run_address>0xa147</run_address>
         <size>0x144</size>
         <input_file_ref idref="fl-46"/>
      </object_component>
      <object_component id="oc-3fe">
         <name>.debug_info</name>
         <load_address>0xa28b</load_address>
         <run_address>0xa28b</run_address>
         <size>0x111</size>
         <input_file_ref idref="fl-4c"/>
      </object_component>
      <object_component id="oc-4ab">
         <name>.debug_info</name>
         <load_address>0xa39c</load_address>
         <run_address>0xa39c</run_address>
         <size>0x411</size>
         <input_file_ref idref="fl-4e"/>
      </object_component>
      <object_component id="oc-43a">
         <name>.debug_info</name>
         <load_address>0xa7ad</load_address>
         <run_address>0xa7ad</run_address>
         <size>0x23a</size>
         <input_file_ref idref="fl-4e"/>
      </object_component>
      <object_component id="oc-4f5">
         <name>.debug_info</name>
         <load_address>0xa9e7</load_address>
         <run_address>0xa9e7</run_address>
         <size>0x39</size>
         <input_file_ref idref="fl-4e"/>
      </object_component>
      <object_component id="oc-4ac">
         <name>.debug_info</name>
         <load_address>0xaa20</load_address>
         <run_address>0xaa20</run_address>
         <size>0x2c</size>
         <input_file_ref idref="fl-4e"/>
      </object_component>
      <object_component id="oc-4fa">
         <name>.debug_info</name>
         <load_address>0xaa4c</load_address>
         <run_address>0xaa4c</run_address>
         <size>0xcd</size>
         <input_file_ref idref="fl-4e"/>
      </object_component>
      <object_component id="oc-b9">
         <name>.debug_info</name>
         <load_address>0xab19</load_address>
         <run_address>0xab19</run_address>
         <size>0x1b2</size>
         <input_file_ref idref="fl-4f"/>
      </object_component>
      <object_component id="oc-4a5">
         <name>.debug_info</name>
         <load_address>0xaccb</load_address>
         <run_address>0xaccb</run_address>
         <size>0x161</size>
         <input_file_ref idref="fl-51"/>
      </object_component>
      <object_component id="oc-434">
         <name>.debug_info</name>
         <load_address>0xae2c</load_address>
         <run_address>0xae2c</run_address>
         <size>0x164</size>
         <input_file_ref idref="fl-52"/>
      </object_component>
      <object_component id="oc-45c">
         <name>.debug_info</name>
         <load_address>0xaf90</load_address>
         <run_address>0xaf90</run_address>
         <size>0x133</size>
         <input_file_ref idref="fl-53"/>
      </object_component>
      <object_component id="oc-4f1">
         <name>.debug_info</name>
         <load_address>0xb0c3</load_address>
         <run_address>0xb0c3</run_address>
         <size>0x282</size>
         <input_file_ref idref="fl-56"/>
      </object_component>
      <object_component id="oc-49f">
         <name>.debug_info</name>
         <load_address>0xb345</load_address>
         <run_address>0xb345</run_address>
         <size>0x1cc</size>
         <input_file_ref idref="fl-56"/>
      </object_component>
      <object_component id="oc-632">
         <name>.debug_info</name>
         <load_address>0xb511</load_address>
         <run_address>0xb511</run_address>
         <size>0x2c</size>
         <input_file_ref idref="fl-56"/>
      </object_component>
      <object_component id="oc-470">
         <name>.debug_info</name>
         <load_address>0xb53d</load_address>
         <run_address>0xb53d</run_address>
         <size>0x2c</size>
         <input_file_ref idref="fl-56"/>
      </object_component>
      <object_component id="oc-46f">
         <name>.debug_info</name>
         <load_address>0xb569</load_address>
         <run_address>0xb569</run_address>
         <size>0x198</size>
         <input_file_ref idref="fl-58"/>
      </object_component>
      <object_component id="oc-402">
         <name>.debug_info</name>
         <load_address>0xb701</load_address>
         <run_address>0xb701</run_address>
         <size>0x1ad</size>
         <input_file_ref idref="fl-58"/>
      </object_component>
      <object_component id="oc-76f">
         <name>.debug_info</name>
         <load_address>0xb8ae</load_address>
         <run_address>0xb8ae</run_address>
         <size>0xa8</size>
      </object_component>
      <object_component id="oc-62d">
         <name>.debug_line</name>
         <load_address>0x0</load_address>
         <run_address>0x0</run_address>
         <size>0x20</size>
         <input_file_ref idref="fl-2"/>
      </object_component>
      <object_component id="oc-4d8">
         <name>.debug_line</name>
         <load_address>0x20</load_address>
         <run_address>0x20</run_address>
         <size>0x69</size>
         <input_file_ref idref="fl-2"/>
      </object_component>
      <object_component id="oc-4db">
         <name>.debug_line</name>
         <load_address>0x89</load_address>
         <run_address>0x89</run_address>
         <size>0xf6</size>
         <input_file_ref idref="fl-3"/>
      </object_component>
      <object_component id="oc-6e1">
         <name>.debug_line</name>
         <load_address>0x17f</load_address>
         <run_address>0x17f</run_address>
         <size>0x48</size>
         <input_file_ref idref="fl-3"/>
      </object_component>
      <object_component id="oc-6e3">
         <name>.debug_line</name>
         <load_address>0x1c7</load_address>
         <run_address>0x1c7</run_address>
         <size>0x33</size>
[...]
         <name>timerDataCant2</name>
         <value>0xeea0</value>
      </symbol>
      <symbol id="sm-468">
         <name>timerDataCant3</name>
         <value>0xef18</value>
      </symbol>
      <symbol id="sm-469">
         <name>timerDataCant4</name>
         <value>0xef90</value>
      </symbol>
      <symbol id="sm-46a">
         <name>timerDataCant5</name>
         <value>0xf008</value>
      </symbol>
      <symbol id="sm-46b">
         <name>periodDataCant1</name>
         <value>0xebd0</value>
      </symbol>
      <symbol id="sm-46c">
         <name>periodDataCant2</name>
         <value>0xec48</value>
      </symbol>
      <symbol id="sm-46d">
         <name>periodDataCant3</name>
         <value>0xecc0</value>
      </symbol>
      <symbol id="sm-46e">
         <name>periodDataCant4</name>
         <value>0xed38</value>
      </symbol>
      <symbol id="sm-46f">
         <name>periodDataCant5</name>
         <value>0xedb0</value>
      </symbol>
      <symbol id="sm-470">
         <name>deltaPeriodCant1</name>
         <value>0xe720</value>
      </symbol>
      <symbol id="sm-471">
         <name>deltaPeriodCant2</name>
         <value>0xe798</value>
      </symbol>
      <symbol id="sm-472">
         <name>deltaPeriodCant3</name>
         <value>0xe810</value>
      </symbol>
      <symbol id="sm-473">
         <name>deltaPeriodCant4</name>
         <value>0xe888</value>
      </symbol>
      <symbol id="sm-474">
         <name>deltaPeriodCant5</name>
         <value>0xe900</value>
      </symbol>
      <symbol id="sm-475">
         <name>filteredDataCant1</name>
         <value>0xe978</value>
      </symbol>
      <symbol id="sm-476">
         <name>filteredDataCant2</name>
         <value>0xe9f0</value>
      </symbol>
      <symbol id="sm-477">
         <name>filteredDataCant3</name>
         <value>0xea68</value>
      </symbol>
      <symbol id="sm-478">
         <name>filteredDataCant4</name>
         <value>0xeae0</value>
      </symbol>
      <symbol id="sm-479">
         <name>filteredDataCant5</name>
         <value>0xeb58</value>
      </symbol>
      <symbol id="sm-47a">
         <name>i</name>
         <value>0xf089</value>
      </symbol>
      <symbol id="sm-47b">
         <name>rawRefCantWave</name>
         <value>0xe590</value>
      </symbol>
      <symbol id="sm-47c">
         <name>rawCant5Wave</name>
         <value>0xe400</value>
      </symbol>
      <symbol id="sm-47d">
         <name>rawRefCantCounter</name>
         <value>0xf0b2</value>
      </symbol>
      <symbol id="sm-47e">
         <name>rawCant5Counter</name>
         <value>0xf0b0</value>
      </symbol>
      <symbol id="sm-47f">
         <name>readFRAMCantileverData</name>
         <value>0x1163a</value>
         <object_component_ref idref="oc-589"/>
      </symbol>
      <symbol id="sm-480">
         <name>zeroOutFRAMCantileverData4</name>
         <value>0x115be</value>
         <object_component_ref idref="oc-52c"/>
      </symbol>
      <symbol id="sm-481">
         <name>zeroOutFRAMCantileverData5</name>
         <value>0x115e0</value>
         <object_component_ref idref="oc-532"/>
      </symbol>
      <symbol id="sm-482">
         <name>zeroOutFRAMCantileverData2</name>
         <value>0x1157a</value>
         <object_component_ref idref="oc-520"/>
      </symbol>
      <symbol id="sm-483">
         <name>zeroOutFRAMCantileverData3</name>
         <value>0x1159c</value>
         <object_component_ref idref="oc-526"/>
      </symbol>
      <symbol id="sm-484">
         <name>zeroOutFRAMCantileverData1</name>
         <value>0x11558</value>
         <object_component_ref idref="oc-51a"/>
      </symbol>
      <symbol id="sm-485">
         <name>collectData</name>
         <value>0x10ca0</value>
         <object_component_ref idref="oc-547"/>
      </symbol>
      <symbol id="sm-486">
         <name>zeroOutArraysCant4</name>
         <value>0x10af2</value>
         <object_component_ref idref="oc-57d"/>
      </symbol>
      <symbol id="sm-487">
         <name>zeroOutArraysCant5</name>
         <value>0x10b84</value>
         <object_component_ref idref="oc-583"/>
      </symbol>
      <symbol id="sm-488">
         <name>zeroOutArraysCant1</name>
         <value>0x1093c</value>
         <object_component_ref idref="oc-56b"/>
      </symbol>
      <symbol id="sm-489">
         <name>zeroOutArraysCant2</name>
         <value>0x109ce</value>
         <object_component_ref idref="oc-571"/>
      </symbol>
      <symbol id="sm-48a">
         <name>zeroOutArraysCant3</name>
         <value>0x10a60</value>
         <object_component_ref idref="oc-577"/>
      </symbol>
      <symbol id="sm-48b">
         <name>zeroOutFRAMCounters</name>
         <value>0x116b2</value>
         <object_component_ref idref="oc-538"/>
      </symbol>
      <symbol id="sm-48c">
         <name>collectRawWaveformData</name>
         <value>0x110d8</value>
         <object_component_ref idref="oc-58f"/>
      </symbol>
      <symbol id="sm-4fa">
         <name>initCapturePins</name>
         <value>0x11302</value>
         <object_component_ref idref="oc-60f"/>
      </symbol>
      <symbol id="sm-4fb">
         <name>stopTimer</name>
         <value>0x11740</value>
         <object_component_ref idref="oc-67b"/>
      </symbol>
      <symbol id="sm-4fc">
         <name>__TI_int46</name>
         <value>0xffec</value>
         <object_component_ref idref="oc-91"/>
      </symbol>
      <symbol id="sm-4fd">
         <name>__TI_int50</name>
         <value>0xfff4</value>
         <object_component_ref idref="oc-95"/>
      </symbol>
      <symbol id="sm-4fe">
         <name>ADC12_ISR</name>
         <value>0xf188</value>
         <object_component_ref idref="oc-420"/>
      </symbol>
      <symbol id="sm-4ff">
         <name>initCantADC12</name>
         <value>0x10c16</value>
         <object_component_ref idref="oc-603"/>
      </symbol>
      <symbol id="sm-500">
         <name>startADC12</name>
         <value>0x1169c</value>
         <object_component_ref idref="oc-65d"/>
      </symbol>
      <symbol id="sm-501">
         <name>TB0_ISR</name>
         <value>0xf0b4</value>
         <object_component_ref idref="oc-426"/>
      </symbol>
      <symbol id="sm-502">
         <name>initCaptureTimer</name>
         <value>0x11700</value>
         <object_component_ref idref="oc-615"/>
      </symbol>
      <symbol id="sm-503">
         <name>startTimer</name>
         <value>0x11738</value>
         <object_component_ref idref="oc-675"/>
      </symbol>
      <symbol id="sm-504">
         <name>initCaptureRegisters</name>
         <value>0x11434</value>
         <object_component_ref idref="oc-609"/>
      </symbol>
      <symbol id="sm-505">
         <name>stopADC12</name>
         <value>0x116ee</value>
         <object_component_ref idref="oc-66f"/>
      </symbol>
      <symbol id="sm-506">
         <name>resetCantileverPeriodCounters</name>
         <value>0x11686</value>
         <object_component_ref idref="oc-53e"/>
      </symbol>
      <symbol id="sm-510">
         <name>initialize__Clocks_MPS430FR5969</name>
         <value>0x113f8</value>
         <object_component_ref idref="oc-5f7"/>
      </symbol>
      <symbol id="sm-54c">
         <name>motorOpen</name>
         <value>0x11620</value>
         <object_component_ref idref="oc-663"/>
      </symbol>
      <symbol id="sm-54d">
         <name>setMotorDirection</name>
         <value>0x11654</value>
         <object_component_ref idref="oc-621"/>
      </symbol>
      <symbol id="sm-54e">
         <name>motorBrake</name>
         <value>0x1170c</value>
         <object_component_ref idref="oc-669"/>
      </symbol>
      <symbol id="sm-54f">
         <name>setMotorAmplitude</name>
         <value>0x11730</value>
         <object_component_ref idref="oc-657"/>
      </symbol>
      <symbol id="sm-550">
         <name>motorForward</name>
         <value>0x11718</value>
         <object_component_ref idref="oc-6d9"/>
      </symbol>
      <symbol id="sm-551">
         <name>init_Hbridge</name>
         <value>0x113b6</value>
         <object_component_ref idref="oc-61b"/>
      </symbol>
      <symbol id="sm-552">
         <name>motorReverse</name>
         <value>0x11724</value>
         <object_component_ref idref="oc-6d3"/>
      </symbol>
      <symbol id="sm-689">
         <name>processPeriodDataCant2</name>
         <value>0x102c2</value>
         <object_component_ref idref="oc-553"/>
      </symbol>
      <symbol id="sm-68a">
         <name>processPeriodDataCant3</name>
         <value>0x103f0</value>
         <object_component_ref idref="oc-559"/>
      </symbol>
      <symbol id="sm-68b">
         <name>processPeriodDataCant1</name>
         <value>0x10194</value>
         <object_component_ref idref="oc-54d"/>
      </symbol>
      <symbol id="sm-68c">
         <name>processPeriodDataCant4</name>
         <value>0x1051e</value>
         <object_component_ref idref="oc-55f"/>
      </symbol>
      <symbol id="sm-68d">
         <name>processPeriodDataCant5</name>
         <value>0x1064c</value>
         <object_component_ref idref="oc-565"/>
      </symbol>
      <symbol id="sm-68e">
         <name>cant3MedianFilter</name>
         <value>0x111ee</value>
         <object_component_ref idref="oc-5c4"/>
      </symbol>
      <symbol id="sm-68f">
         <name>averageCant3Data</name>
         <value>0x114c8</value>
         <object_component_ref idref="oc-5ca"/>
      </symbol>
      <symbol id="sm-690">
         <name>findCant5Median</name>
         <value>0x10f90</value>
         <object_component_ref idref="oc-5e4"/>
      </symbol>
      <symbol id="sm-691">
         <name>averageCant1Data</name>
         <value>0x11468</value>
         <object_component_ref idref="oc-5a4"/>
      </symbol>
      <symbol id="sm-692">
         <name>findCant4Median</name>
         <value>0x10f16</value>
         <object_component_ref idref="oc-5d1"/>
      </symbol>
      <symbol id="sm-693">
         <name>cant2MedianFilter</name>
         <value>0x11192</value>
         <object_component_ref idref="oc-5b1"/>
      </symbol>
      <symbol id="sm-694">
         <name>cant5MedianFilter</name>
         <value>0x112a6</value>
         <object_component_ref idref="oc-5ea"/>
      </symbol>
      <symbol id="sm-695">
         <name>findCant3Median</name>
         <value>0x10e9c</value>
         <object_component_ref idref="oc-5be"/>
      </symbol>
      <symbol id="sm-696">
         <name>averageCant4Data</name>
         <value>0x114f8</value>
         <object_component_ref idref="oc-5dd"/>
      </symbol>
      <symbol id="sm-697">
         <name>findCant2Median</name>
         <value>0x10e22</value>
         <object_component_ref idref="oc-5ab"/>
      </symbol>
      <symbol id="sm-698">
         <name>averageCant5Data</name>
         <value>0x11528</value>
         <object_component_ref idref="oc-5f0"/>
      </symbol>
      <symbol id="sm-699">
         <name>cant1MedianFilter</name>
         <value>0x11136</value>
         <object_component_ref idref="oc-59e"/>
      </symbol>
      <symbol id="sm-69a">
         <name>cant4MedianFilter</name>
         <value>0x1124a</value>
         <object_component_ref idref="oc-5d7"/>
      </symbol>
      <symbol id="sm-69b">
         <name>averageCant2Data</name>
         <value>0x11498</value>
         <object_component_ref idref="oc-5b7"/>
      </symbol>
      <symbol id="sm-69c">
         <name>findCant1Median</name>
         <value>0x10da8</value>
         <object_component_ref idref="oc-598"/>
      </symbol>
      <symbol id="sm-6c5">
         <name>init_SPI</name>
         <value>0x10874</value>
         <object_component_ref idref="oc-5fd"/>
      </symbol>
      <symbol id="sm-6c6">
         <name>write_uint16_SPI</name>
         <value>0x1077a</value>
         <object_component_ref idref="oc-6cc"/>
      </symbol>
      <symbol id="sm-6fc">
         <name>cantResonantPeriod1</name>
         <value>0xf098</value>
      </symbol>
      <symbol id="sm-6fd">
         <name>cantResonantPeriod2</name>
         <value>0xf09c</value>
      </symbol>
      <symbol id="sm-6fe">
         <name>cantResonantPeriod3</name>
         <value>0xf0a0</value>
      </symbol>
      <symbol id="sm-6ff">
         <name>cantResonantPeriod4</name>
         <value>0xf0a4</value>
      </symbol>
      <symbol id="sm-700">
         <name>cantResonantPeriod5</name>
         <value>0xf0a8</value>
      </symbol>
      <symbol id="sm-701">
         <name>PolySci_State</name>
         <value>0xf0ae</value>
      </symbol>
      <symbol id="sm-702">
         <name>maxMotorVal</name>
         <value>0xf202</value>
         <object_component_ref idref="oc-544"/>
      </symbol>
      <symbol id="sm-703">
         <name>FINISHED</name>
         <value>0xf1fd</value>
         <object_component_ref idref="oc-4cc"/>
      </symbol>
      <symbol id="sm-704">
         <name>main</name>
         <value>0x11602</value>
         <object_component_ref idref="oc-453"/>
      </symbol>
      <symbol id="sm-705">
         <name>ExecuteStateMachine</name>
         <value>0x10000</value>
         <object_component_ref idref="oc-4c6"/>
      </symbol>
      <symbol id="sm-706">
         <name>zero_16</name>
         <value>0xf200</value>
         <object_component_ref idref="oc-544"/>
      </symbol>
      <symbol id="sm-71c">
         <name>__TI_decompress_none</name>
         <value>0x116dc</value>
         <object_component_ref idref="oc-75"/>
      </symbol>
      <symbol id="sm-73e">
         <name>__TI_decompress_rle24</name>
         <value>0x1174e</value>
         <object_component_ref idref="oc-7b"/>
      </symbol>
      <symbol id="sm-741">
         <name>__TI_int30</name>
         <value>0xffcc</value>
         <object_component_ref idref="oc-81"/>
      </symbol>
      <symbol id="sm-749">
         <name>__TI_ISR_TRAP</name>
         <value>0xf1f4</value>
         <object_component_ref idref="oc-41b"/>
      </symbol>
      <symbol id="sm-74c">
         <name>__TI_int31</name>
         <value>0xffce</value>
         <object_component_ref idref="oc-82"/>
      </symbol>
      <symbol id="sm-74f">
         <name>__TI_int32</name>
         <value>0xffd0</value>
         <object_component_ref idref="oc-83"/>
      </symbol>
      <symbol id="sm-752">
         <name>__TI_int33</name>
         <value>0xffd2</value>
         <object_component_ref idref="oc-84"/>
      </symbol>
      <symbol id="sm-755">
         <name>__TI_int34</name>
         <value>0xffd4</value>
         <object_component_ref idref="oc-85"/>
      </symbol>
      <symbol id="sm-758">
         <name>__TI_int35</name>
         <value>0xffd6</value>
         <object_component_ref idref="oc-86"/>
      </symbol>
      <symbol id="sm-75b">
         <name>__TI_int36</name>
         <value>0xffd8</value>
         <object_component_ref idref="oc-87"/>
      </symbol>
      <symbol id="sm-75e">
         <name>__TI_int37</name>
         <value>0xffda</value>
         <object_component_ref idref="oc-88"/>
      </symbol>
      <symbol id="sm-761">
         <name>__TI_int38</name>
         <value>0xffdc</value>
         <object_component_ref idref="oc-89"/>
      </symbol>
      <symbol id="sm-764">
         <name>__TI_int39</name>
         <value>0xffde</value>
         <object_component_ref idref="oc-8a"/>
      </symbol>
      <symbol id="sm-767">
         <name>__TI_int40</name>
         <value>0xffe0</value>
         <object_component_ref idref="oc-8b"/>
      </symbol>
      <symbol id="sm-76a">
         <name>__TI_int41</name>
         <value>0xffe2</value>
         <object_component_ref idref="oc-8c"/>
      </symbol>
      <symbol id="sm-76d">
         <name>__TI_int42</name>
         <value>0xffe4</value>
         <object_component_ref idref="oc-8d"/>
      </symbol>
      <symbol id="sm-770">
         <name>__TI_int43</name>
         <value>0xffe6</value>
         <object_component_ref idref="oc-8e"/>
      </symbol>
      <symbol id="sm-773">
         <name>__TI_int44</name>
         <value>0xffe8</value>
         <object_component_ref idref="oc-8f"/>
      </symbol>
      <symbol id="sm-776">
         <name>__TI_int45</name>
         <value>0xffea</value>
         <object_component_ref idref="oc-90"/>
      </symbol>
      <symbol id="sm-779">
         <name>__TI_int47</name>
         <value>0xffee</value>
         <object_component_ref idref="oc-92"/>
      </symbol>
      <symbol id="sm-77c">
         <name>__TI_int48</name>
         <value>0xfff0</value>
         <object_component_ref idref="oc-93"/>
      </symbol>
      <symbol id="sm-77f">
         <name>__TI_int49</name>
         <value>0xfff2</value>
         <object_component_ref idref="oc-94"/>
      </symbol>
      <symbol id="sm-782">
         <name>__TI_int51</name>
         <value>0xfff6</value>
         <object_component_ref idref="oc-96"/>
      </symbol>
      <symbol id="sm-785">
         <name>__TI_int52</name>
         <value>0xfff8</value>
         <object_component_ref idref="oc-97"/>
      </symbol>
      <symbol id="sm-788">
         <name>__TI_int53</name>
         <value>0xfffa</value>
         <object_component_ref idref="oc-98"/>
      </symbol>
      <symbol id="sm-78b">
         <name>__TI_int54</name>
         <value>0xfffc</value>
         <object_component_ref idref="oc-99"/>
      </symbol>
      <symbol id="sm-79a">
         <name>__mspabi_remul</name>
         <value>0x1135e</value>
         <object_component_ref idref="oc-6b4"/>
      </symbol>
      <symbol id="sm-79b">
         <name>__mspabi_divul</name>
         <value>0x1135e</value>
         <object_component_ref idref="oc-6b4"/>
      </symbol>
      <symbol id="sm-7a3">
         <name>__mspabi_mpyi_f5hw</name>
         <value>0x1166e</value>
         <object_component_ref idref="oc-4eb"/>
      </symbol>
      <symbol id="sm-7b0">
         <name>_stack</name>
         <value>0x2360</value>
         <object_component_ref idref="oc-3fd"/>
      </symbol>
      <symbol id="sm-7b1">
         <name>_reset_vector</name>
         <value>0xfffe</value>
         <object_component_ref idref="oc-400"/>
      </symbol>
      <symbol id="sm-7d4">
         <name>_auto_init_hold_wdt</name>
         <value>0x10d26</value>
         <object_component_ref idref="oc-439"/>
      </symbol>
      <symbol id="sm-7de">
         <name>_c_int00_noargs_noexit</name>
         <value>0xf1da</value>
         <object_component_ref idref="oc-b8"/>
      </symbol>
      <symbol id="sm-7e8">
         <name>_system_post_cinit</name>
         <value>0x11758</value>
         <object_component_ref idref="oc-4a4"/>
      </symbol>
      <symbol id="sm-7f1">
         <name>_system_pre_init</name>
         <value>0x11754</value>
         <object_component_ref idref="oc-433"/>
      </symbol>
      <symbol id="sm-7fb">
         <name>C$$EXIT</name>
         <value>0x11748</value>
         <object_component_ref idref="oc-45b"/>
      </symbol>
      <symbol id="sm-7fc">
         <name>abort</name>
         <value>0x11748</value>
         <object_component_ref idref="oc-45b"/>
      </symbol>
      <symbol id="sm-819">
         <name>copy_in</name>
         <value>0x11072</value>
         <object_component_ref idref="oc-49e"/>
      </symbol>
      <symbol id="sm-828">
         <name>memcpy</name>
         <value>0x116c8</value>
         <object_component_ref idref="oc-401"/>
      </symbol>
      <symbol id="sm-82d">
         <name>__TI_BINIT_Base</name>
         <value>0x0</value>
      </symbol>
      <symbol id="sm-82e">
         <name>__TI_BINIT_Limit</name>
         <value>0x0</value>
      </symbol>
      <symbol id="sm-82f">
         <name>__TI_INITARRAY_Base</name>
         <value>0x0</value>
      </symbol>
      <symbol id="sm-830">
         <name>__TI_INITARRAY_Limit</name>
         <value>0x0</value>
      </symbol>
   </symbol_table>
   <title>Link successful</title>
</link_info>
